 zlib

 Timestamp is 629bf236 (Sat Jun  4 20:00:54 2022)

 Preferred load address is 10000000

 Start         Length     Name                   Class
 0001:00000000 00010fadH .text$mn                CODE
 0002:00000000 00000124H .idata$5                DATA
 0002:00000124 00000008H .00cfg                  DATA
 0002:0000012c 00000004H .CRT$XCA                DATA
 0002:00000130 00000004H .CRT$XCZ                DATA
 0002:00000134 00000004H .CRT$XIA                DATA
 0002:00000138 00000004H .CRT$XIZ                DATA
 0002:0000013c 00000004H .CRT$XPA                DATA
 0002:00000140 00000004H .CRT$XPZ                DATA
 0002:00000144 00000004H .CRT$XTA                DATA
 0002:00000148 00000008H .CRT$XTZ                DATA
 0002:0000014c 00000000H .gfids$y                DATA
 0002:00000150 00004bb0H .rdata                  DATA
 0002:00004d00 00000004H .rdata$CastGuardVftablesA DATA
 0002:00004d04 00000004H .rdata$CastGuardVftablesC DATA
 0002:00004d08 00000018H .rdata$voltmd           DATA
 0002:00004d20 000002d4H .rdata$zzzdbg           DATA
 0002:00004ff4 00000004H .rtc$IAA                DATA
 0002:00004ff8 00000004H .rtc$IZZ                DATA
 0002:00004ffc 00000004H .rtc$TAA                DATA
 0002:00005000 00000008H .rtc$TZZ                DATA
 0002:00005008 00000088H .xdata$x                DATA
 0002:00005090 00000d4cH .edata                  DATA
 0002:00005ddc 000000a0H .idata$2                DATA
 0002:00005e7c 00000014H .idata$3                DATA
 0002:00005e90 00000124H .idata$4                DATA
 0002:00005fb4 00000514H .idata$6                DATA
 0003:00000000 00000020H .data                   DATA
 0003:00000020 00000390H .bss                    DATA
 0004:00000000 00000060H .rsrc$01                DATA
 0004:00000060 000003c0H .rsrc$02                DATA

  Address         Publics by Value              Rva+Base       Lib:Object

 0000:00000000       ___guard_longjmp_table     00000000     <absolute>
 0000:00000000       ___hybrid_auxiliary_iat_copy 00000000     <absolute>
 0000:00000000       ___x64_code_ranges_to_entry_points 00000000     <absolute>
 0000:00000000       ___guard_fids_table        00000000     <absolute>
 0000:00000000       ___enclave_config          00000000     <absolute>
 0000:00000000       ___hybrid_code_map_count   00000000     <absolute>
 0000:00000000       ___arm64x_extra_rfe_table_size 00000000     <absolute>
 0000:00000000       ___arm64x_redirection_metadata_count 00000000     <absolute>
 0000:00000000       ___guard_check_icall_a64n_fptr 00000000     <absolute>
 0000:00000000       ___guard_eh_cont_count     00000000     <absolute>
 0000:00000000       ___arm64x_redirection_metadata 00000000     <absolute>
 0000:00000000       ___guard_longjmp_count     00000000     <absolute>
 0000:00000000       ___safe_se_handler_count   00000000     <absolute>
 0000:00000000       ___hybrid_auxiliary_iat    00000000     <absolute>
 0000:00000000       ___guard_iat_table         00000000     <absolute>
 0000:00000000       ___AbsoluteZero            00000000     <absolute>
 0000:00000000       ___x64_code_ranges_to_entry_points_count 00000000     <absolute>
 0000:00000000       ___dynamic_value_reloc_table 00000000     <absolute>
 0000:00000000       ___guard_iat_count         00000000     <absolute>
 0000:00000000       ___arm64x_extra_rfe_table  00000000     <absolute>
 0000:00000000       ___guard_eh_cont_table     00000000     <absolute>
 0000:00000000       ___hybrid_code_map         00000000     <absolute>
 0000:00000000       ___guard_fids_count        00000000     <absolute>
 0000:00000000       ___safe_se_handler_table   00000000     <absolute>
 0000:00000000       ___arm64x_native_entrypoint 00000000     <absolute>
 0000:00000100       ___guard_flags             00000100     <absolute>
 0000:00000000       ___ImageBase               10000000     <linker-defined>
 0001:00000000       _adler32_z@12              10001000 f   adler32.obj
 0001:00000280       _adler32@12                10001280 f   adler32.obj
 0001:000003c0       _adler32_combine@12        100013c0 f   adler32.obj
 0001:000003e0       _compress2@20              100013e0 f   compress.obj
 0001:000004c0       _compress@16               100014c0 f   compress.obj
 0001:000004e0       _compressBound@4           100014e0 f   compress.obj
 0001:000005b0       _get_crc_table@0           100015b0 f   crc32.obj
 0001:00000650       _crc32_z@12                10001650 f   crc32.obj
 0001:00000970       _crc32@12                  10001970 f   crc32.obj
 0001:00000980       _crc32_combine64@16        10001980 f   crc32.obj
 0001:000009b0       _crc32_combine@12          100019b0 f   crc32.obj
 0001:000009d0       _crc32_combine_gen64@8     100019d0 f   crc32.obj
 0001:000009f0       _crc32_combine_gen@4       100019f0 f   crc32.obj
 0001:00000a10       _crc32_combine_op@12       10001a10 f   crc32.obj
 0001:00000aa0       _deflateInit_@16           10001aa0 f   deflate.obj
 0001:00000ac0       _deflateInit2_@32          10001ac0 f   deflate.obj
 0001:00000d50       _deflateSetDictionary@12   10001d50 f   deflate.obj
 0001:00000ef0       _deflateGetDictionary@12   10001ef0 f   deflate.obj
 0001:00000f50       _deflateResetKeep@4        10001f50 f   deflate.obj
 0001:00000ff0       _deflateReset@4            10001ff0 f   deflate.obj
 0001:00001020       _deflateSetHeader@8        10002020 f   deflate.obj
 0001:00001050       _deflatePending@12         10002050 f   deflate.obj
 0001:00001090       _deflatePrime@12           10002090 f   deflate.obj
 0001:00001130       _deflateParams@12          10002130 f   deflate.obj
 0001:00001280       _deflateTune@20            10002280 f   deflate.obj
 0001:000012d0       _deflateBound@8            100022d0 f   deflate.obj
 0001:00001440       _deflate@8                 10002440 f   deflate.obj
 0001:00001d10       _deflateEnd@4              10002d10 f   deflate.obj
 0001:00001dc0       _deflateCopy@8             10002dc0 f   deflate.obj
 0001:00003350       _gzclose@4                 10004350 f   gzclose.obj
 0001:00003380       ___local_stdio_printf_options 10004380 f i gzlib.obj
 0001:00003390       _vsnprintf                 10004390 f i gzlib.obj
 0001:000033d0       _snprintf                  100043d0 f i gzlib.obj
 0001:000037a0       _gzopen@8                  100047a0 f   gzlib.obj
 0001:000037c0       _gzdopen@8                 100047c0 f   gzlib.obj
 0001:00003820       _gzopen_w@8                10004820 f   gzlib.obj
 0001:00003840       _gzbuffer@8                10004840 f   gzlib.obj
 0001:00003890       _gzrewind@4                10004890 f   gzlib.obj
 0001:000038f0       _gzseek64@16               100048f0 f   gzlib.obj
 0001:00003a80       _gzseek@12                 10004a80 f   gzlib.obj
 0001:00003ac0       _gztell64@4                10004ac0 f   gzlib.obj
 0001:00003b20       _gztell@4                  10004b20 f   gzlib.obj
 0001:00003b50       _gzoffset64@4              10004b50 f   gzlib.obj
 0001:00003ba0       _gzoffset@4                10004ba0 f   gzlib.obj
 0001:00003bd0       _gzeof@4                   10004bd0 f   gzlib.obj
 0001:00003c00       _gzerror@8                 10004c00 f   gzlib.obj
 0001:00003c50       _gzclearerr@4              10004c50 f   gzlib.obj
 0001:00003ca0       _gz_error                  10004ca0 f   gzlib.obj
 0001:00004390       _gzread@12                 10005390 f   gzread.obj
 0001:00004400       _gzfread@16                10005400 f   gzread.obj
 0001:00004480       _gzgetc@4                  10005480 f   gzread.obj
 0001:000044f0       _gzgetc_@4                 100054f0 f   gzread.obj
 0001:00004500       _gzungetc@8                10005500 f   gzread.obj
 0001:00004600       _gzgets@12                 10005600 f   gzread.obj
 0001:00004730       _gzdirect@4                10005730 f   gzread.obj
 0001:00004770       _gzclose_r@4               10005770 f   gzread.obj
 0001:00004c50       _gzwrite@12                10005c50 f   gzwrite.obj
 0001:00004ca0       _gzfwrite@16               10005ca0 f   gzwrite.obj
 0001:00004d10       _gzputc@8                  10005d10 f   gzwrite.obj
 0001:00004de0       _gzputs@8                  10005de0 f   gzwrite.obj
 0001:00004e50       _gzvprintf                 10005e50 f   gzwrite.obj
 0001:00004f80       _gzprintf                  10005f80 f   gzwrite.obj
 0001:00004fa0       _gzflush@8                 10005fa0 f   gzwrite.obj
 0001:00005010       _gzsetparams@12            10006010 f   gzwrite.obj
 0001:000050d0       _gzclose_w@4               100060d0 f   gzwrite.obj
 0001:000051a0       _inflateBackInit_@20       100061a0 f   infback.obj
 0001:000052a0       _inflateBack@20            100062a0 f   infback.obj
 0001:00006070       _inflateBackEnd@4          10007070 f   infback.obj
 0001:000060b0       _inflate_fast              100070b0 f   inffast.obj
 0001:00006520       _inflateResetKeep@4        10007520 f   inflate.obj
 0001:000065d0       _inflateReset@4            100075d0 f   inflate.obj
 0001:00006610       _inflateReset2@8           10007610 f   inflate.obj
 0001:000066a0       _inflateInit2_@16          100076a0 f   inflate.obj
 0001:00006770       _inflateInit_@12           10007770 f   inflate.obj
 0001:00006790       _inflatePrime@12           10007790 f   inflate.obj
 0001:00006920       _inflate@8                 10007920 f   inflate.obj
 0001:00008110       _inflateEnd@4              10009110 f   inflate.obj
 0001:00008160       _inflateGetDictionary@12   10009160 f   inflate.obj
 0001:000081d0       _inflateSetDictionary@12   100091d0 f   inflate.obj
 0001:00008270       _inflateGetHeader@8        10009270 f   inflate.obj
 0001:00008330       _inflateSync@4             10009330 f   inflate.obj
 0001:00008450       _inflateSyncPoint@4        10009450 f   inflate.obj
 0001:00008490       _inflateCopy@8             10009490 f   inflate.obj
 0001:000085e0       _inflateUndermine@8        100095e0 f   inflate.obj
 0001:00008610       _inflateValidate@8         10009610 f   inflate.obj
 0001:00008650       _inflateMark@4             10009650 f   inflate.obj
 0001:000086c0       _inflateCodesUsed@4        100096c0 f   inflate.obj
 0001:000086f0       _inflate_table             100096f0 f   inftrees.obj
 0001:00008ba0       _call_zopen64              10009ba0 f   ioapi.obj
 0001:00008bc0       _call_zseek64              10009bc0 f   ioapi.obj
 0001:00008c10       _call_ztell64              10009c10 f   ioapi.obj
 0001:00008c40       _fill_zlib_filefunc64_32_def_from_filefunc32 10009c40 f   ioapi.obj
 0001:00008e90       _fill_fopen64_filefunc     10009e90 f   ioapi.obj
 0001:00008f80       _win32_open64_file_func    10009f80 f   iowin32.obj
 0001:00008fe0       _win32_open64_file_funcA   10009fe0 f   iowin32.obj
 0001:00009040       _win32_open64_file_funcW   1000a040 f   iowin32.obj
 0001:000090a0       _win32_open_file_func      1000a0a0 f   iowin32.obj
 0001:00009100       _win32_read_file_func      1000a100 f   iowin32.obj
 0001:00009150       _win32_write_file_func     1000a150 f   iowin32.obj
 0001:00009200       _win32_tell_file_func      1000a200 f   iowin32.obj
 0001:00009250       _win32_tell64_file_func    1000a250 f   iowin32.obj
 0001:000092b0       _win32_seek_file_func      1000a2b0 f   iowin32.obj
 0001:00009320       _win32_seek64_file_func    1000a320 f   iowin32.obj
 0001:000093a0       _win32_close_file_func     1000a3a0 f   iowin32.obj
 0001:000093d0       _win32_error_file_func     1000a3d0 f   iowin32.obj
 0001:000093f0       _fill_win32_filefunc       1000a3f0 f   iowin32.obj
 0001:00009430       _fill_win32_filefunc64     1000a430 f   iowin32.obj
 0001:00009470       _fill_win32_filefunc64A    1000a470 f   iowin32.obj
 0001:000094b0       _fill_win32_filefunc64W    1000a4b0 f   iowin32.obj
 0001:00009500       __tr_init                  1000a500 f   trees.obj
 0001:0000a4e0       __tr_stored_block          1000b4e0 f   trees.obj
 0001:0000a5f0       __tr_flush_bits            1000b5f0 f   trees.obj
 0001:0000a600       __tr_align                 1000b600 f   trees.obj
 0001:0000a6e0       __tr_flush_block           1000b6e0 f   trees.obj
 0001:0000aea0       _uncompress2@16            1000bea0 f   uncompr.obj
 0001:0000afd0       _uncompress@16             1000bfd0 f   uncompr.obj
 0001:0000b350       _unzStringFileNameCompare@12 1000c350 f   unzip.obj
 0001:0000bc10       _unzOpen2@8                1000cc10 f   unzip.obj
 0001:0000bc60       _unzOpen2_64@8             1000cc60 f   unzip.obj
 0001:0000bcc0       _unzOpen@4                 1000ccc0 f   unzip.obj
 0001:0000bce0       _unzOpen64@4               1000cce0 f   unzip.obj
 0001:0000bd00       _unzClose@4                1000cd00 f   unzip.obj
 0001:0000bd40       _unzGetGlobalInfo64@8      1000cd40 f   unzip.obj
 0001:0000bd70       _unzGetGlobalInfo@8        1000cd70 f   unzip.obj
 0001:0000c3f0       _unzGetCurrentFileInfo64@32 1000d3f0 f   unzip.obj
 0001:0000c420       _unzGetCurrentFileInfo@32  1000d420 f   unzip.obj
 0001:0000c4e0       _unzGoToFirstFile@4        1000d4e0 f   unzip.obj
 0001:0000c550       _unzGoToNextFile@4         1000d550 f   unzip.obj
 0001:0000c600       _unzLocateFile@12          1000d600 f   unzip.obj
 0001:0000c7b0       _unzGetFilePos64@8         1000d7b0 f   unzip.obj
 0001:0000c800       _unzGetFilePos@8           1000d800 f   unzip.obj
 0001:0000c830       _unzGoToFilePos64@8        1000d830 f   unzip.obj
 0001:0000c8a0       _unzGoToFilePos@8          1000d8a0 f   unzip.obj
 0001:0000cb40       _unzOpenCurrentFile3@20    1000db40 f   unzip.obj
 0001:0000cdc0       _unzOpenCurrentFile@4      1000ddc0 f   unzip.obj
 0001:0000cde0       _unzOpenCurrentFilePassword@8 1000dde0 f   unzip.obj
 0001:0000ce00       _unzOpenCurrentFile2@16    1000de00 f   unzip.obj
 0001:0000ce20       _unzGetCurrentFileZStreamPos64@4 1000de20 f   unzip.obj
 0001:0000ce60       _unzReadCurrentFile@12     1000de60 f   unzip.obj
 0001:0000d150       _unztell@4                 1000e150 f   unzip.obj
 0001:0000d180       _unztell64@4               1000e180 f   unzip.obj
 0001:0000d1b0       _unzeof@4                  1000e1b0 f   unzip.obj
 0001:0000d1f0       _unzGetLocalExtrafield@12  1000e1f0 f   unzip.obj
 0001:0000d2c0       _unzCloseCurrentFile@4     1000e2c0 f   unzip.obj
 0001:0000d360       _unzGetGlobalComment@12    1000e360 f   unzip.obj
 0001:0000e440       _zipOpen3@16               1000f440 f   zip.obj
 0001:0000e5b0       _zipOpen2@16               1000f5b0 f   zip.obj
 0001:0000e600       _zipOpen2_64@16            1000f600 f   zip.obj
 0001:0000e660       _zipOpen@8                 1000f660 f   zip.obj
 0001:0000e680       _zipOpen64@8               1000f680 f   zip.obj
 0001:0000e8e0       _zipOpenNewFileInZip4_64@76 1000f8e0 f   zip.obj
 0001:0000ee30       _zipOpenNewFileInZip3@64   1000fe30 f   zip.obj
 0001:0000ee80       _zipOpenNewFileInZip3_64@68 1000fe80 f   zip.obj
 0001:0000eed0       _zipOpenNewFileInZip2@44   1000fed0 f   zip.obj
 0001:0000ef10       _zipOpenNewFileInZip2_64@48 1000ff10 f   zip.obj
 0001:0000ef50       _zipOpenNewFileInZip64@44  1000ff50 f   zip.obj
 0001:0000ef90       _zipOpenNewFileInZip@40    1000ff90 f   zip.obj
 0001:0000f090       _zipWriteInFileInZip@12    10010090 f   zip.obj
 0001:0000f1a0       _zipCloseFileInZipRaw@12   100101a0 f   zip.obj
 0001:0000f1c0       _zipCloseFileInZipRaw64@16 100101c0 f   zip.obj
 0001:0000f6a0       _zipCloseFileInZip@4       100106a0 f   zip.obj
 0001:0000fa00       _zipClose@8                10010a00 f   zip.obj
 0001:0000fb90       _zlibVersion@0             10010b90 f   zutil.obj
 0001:0000fba0       _zlibCompileFlags@0        10010ba0 f   zutil.obj
 0001:0000fbb0       _zError@4                  10010bb0 f   zutil.obj
 0001:0000fbd0       _zcalloc                   10010bd0 f   zutil.obj
 0001:0000fbf0       _zcfree                    10010bf0 f   zutil.obj
 0001:0000fc01       _ReadFile@20               10010c01 f   kernel32:KERNEL32.dll
 0001:0000fc07       _WriteFile@20              10010c07 f   kernel32:KERNEL32.dll
 0001:0000fc0d       _SetFilePointer@16         10010c0d f   kernel32:KERNEL32.dll
 0001:0000fc13       _CreateFileW@28            10010c13 f   kernel32:KERNEL32.dll
 0001:0000fc19       _GetLastError@0            10010c19 f   kernel32:KERNEL32.dll
 0001:0000fc1f       _CreateFileA@28            10010c1f f   kernel32:KERNEL32.dll
 0001:0000fc25       _CloseHandle@4             10010c25 f   kernel32:KERNEL32.dll
 0001:0000ff6b       __CRT_INIT@12              10010f6b f   MSVCRT:dll_dllmain.obj
 0001:0000ff74       __DllMainCRTStartup@12     10010f74 f   MSVCRT:dll_dllmain.obj
 0001:0000ffe4       ___security_init_cookie    10010fe4 f   MSVCRT:gs_support.obj
 0001:0001002f       _DllMain@12                1001102f f   MSVCRT:dll_dllmain_stub.obj
 0001:00010051       ?__scrt_initialize_type_info@@YAXXZ 10011051 f   MSVCRT:tncleanup.obj
 0001:0001005d       ?__scrt_uninitialize_type_info@@YAXXZ 1001105d f   MSVCRT:tncleanup.obj
 0001:00010069       ___local_stdio_scanf_options 10011069 f i MSVCRT:default_local_stdio_options.obj
 0001:0001006f       ___scrt_initialize_default_local_stdio_options 1001106f f   MSVCRT:default_local_stdio_options.obj
 0001:0001008c       ?configure_argv@__scrt_narrow_argv_policy@@SAHXZ 1001108c f i MSVCRT:utility.obj
 0001:000100dd       ?initialize_environment@__scrt_narrow_environment_policy@@SAHXZ 100110dd f i MSVCRT:utility.obj
 0001:00010116       _NtCurrentTeb              10011116 f i MSVCRT:utility.obj
 0001:0001011d       ___scrt_acquire_startup_lock 1001111d f   MSVCRT:utility.obj
 0001:0001014f       ___scrt_dllmain_after_initialize_c 1001114f f   MSVCRT:utility.obj
 0001:0001017a       ___scrt_dllmain_before_initialize_c 1001117a f   MSVCRT:utility.obj
 0001:00010188       ___scrt_dllmain_crt_thread_attach 10011188 f   MSVCRT:utility.obj
 0001:000101a7       ___scrt_dllmain_crt_thread_detach 100111a7 f   MSVCRT:utility.obj
 0001:000101b4       ___scrt_dllmain_exception_filter 100111b4 f   MSVCRT:utility.obj
 0001:000101e8       ___scrt_dllmain_uninitialize_c 100111e8 f   MSVCRT:utility.obj
 0001:0001020b       ___scrt_dllmain_uninitialize_critical 1001120b f   MSVCRT:utility.obj
 0001:00010218       ___scrt_initialize_crt     10011218 f   MSVCRT:utility.obj
 0001:00010251       ___scrt_initialize_onexit_tables 10011251 f   MSVCRT:utility.obj
 0001:000102d8       ___scrt_is_nonwritable_in_current_image 100112d8 f   MSVCRT:utility.obj
 0001:0001036c       ___scrt_release_startup_lock 1001136c f   MSVCRT:utility.obj
 0001:00010389       ___scrt_uninitialize_crt   10011389 f   MSVCRT:utility.obj
 0001:000103b1       __onexit                   100113b1 f   MSVCRT:utility.obj
 0001:000103de       _at_quick_exit             100113de f   MSVCRT:utility.obj
 0001:00010401       _atexit                    10011401 f   MSVCRT:utility.obj
 0001:00010416       ___scrt_get_dyn_tls_init_callback 10011416 f   MSVCRT:dyn_tls_init.obj
 0001:0001041c       ___scrt_fastfail           1001141c f   MSVCRT:utility_desktop.obj
 0001:00010537       ___scrt_get_show_window_mode 10011537 f   MSVCRT:utility_desktop.obj
 0001:00010568       ___scrt_initialize_mta     10011568 f   MSVCRT:utility_desktop.obj
 0001:0001056d       ___scrt_initialize_winrt   1001156d f   MSVCRT:utility_desktop.obj
 0001:00010570       ___scrt_is_managed_app     10011570 f   MSVCRT:utility_desktop.obj
 0001:000105b3       ___scrt_set_unhandled_exception_filter 100115b3 f   MSVCRT:utility_desktop.obj
 0001:000105bf       ___scrt_exe_initialize_mta 100115bf f   MSVCRT:utility_desktop.obj
 0001:000105bf       ___scrt_stub_for_initialize_mta 100115bf f   MSVCRT:utility_desktop.obj
 0001:000105c2       ___scrt_unhandled_exception_filter@4 100115c2 f   MSVCRT:utility_desktop.obj
 0001:00010618       __crt_debugger_hook        10011618 f   MSVCRT:utility_desktop.obj
 0001:00010620       __RTC_Initialize           10011620 f   MSVCRT:initsect.obj
 0001:0001064c       __RTC_Terminate            1001164c f   MSVCRT:initsect.obj
 0001:00010680       __SEH_prolog4              10011680 f   MSVCRT:sehprolg4.obj
 0001:000106d0       __SEH_epilog4              100116d0 f   MSVCRT:sehprolg4.obj
 0001:000106e4       __except_handler4          100116e4 f   MSVCRT:chandler4gs.obj
 0001:00010713       @_guard_check_icall_nop@4  10011713 f i MSVCRT:guard_support.obj
 0001:00010716       _ReadNoFence               10011716 f i MSVCRT:guard_support.obj
 0001:00010720       _ReadPointerNoFence        10011720 f i MSVCRT:guard_support.obj
 0001:0001072a       ___castguard_check_failure_debugbreak 1001172a f i MSVCRT:guard_support.obj
 0001:00010745       ___castguard_check_failure_fastfail 10011745 f i MSVCRT:guard_support.obj
 0001:00010764       ___castguard_check_failure_nop 10011764 f i MSVCRT:guard_support.obj
 0001:00010767       ___castguard_check_failure_os_handled 10011767 f i MSVCRT:guard_support.obj
 0001:000107bb       ___castguard_slow_path_check_debugbreak 100117bb f i MSVCRT:guard_support.obj
 0001:000107e8       ___castguard_slow_path_check_fastfail 100117e8 f i MSVCRT:guard_support.obj
 0001:00010819       ___castguard_slow_path_check_nop 10011819 f i MSVCRT:guard_support.obj
 0001:0001081c       ___castguard_slow_path_check_os_handled 1001181c f i MSVCRT:guard_support.obj
 0001:00010882       __guard_icall_checks_enforced 10011882 f i MSVCRT:guard_support.obj
 0001:00010894       ___isa_available_init      10011894 f   MSVCRT:cpu_disp.obj
 0001:00010a65       __get_startup_argv_mode    10011a65 f   MSVCRT:argv_mode.obj
 0001:00010a69       ___scrt_is_ucrt_dll_in_use 10011a69 f   MSVCRT:ucrt_detection.obj
 0001:00010a75       @__security_check_cookie@4 10011a75 f   MSVCRT:secchk.obj
 0001:00010a83       ___raise_securityfailure   10011a83 f   MSVCRT:gs_report.obj
 0001:00010aab       ___report_gsfailure        10011aab f   MSVCRT:gs_report.obj
 0001:00010ba5       ___report_rangecheckfailure 10011ba5 f   MSVCRT:gs_report.obj
 0001:00010bb1       ___report_securityfailure  10011bb1 f   MSVCRT:gs_report.obj
 0001:00010c80       ___report_securityfailureEx 10011c80 f   MSVCRT:gs_report.obj
 0001:00010d95       ___std_type_info_destroy_list 10011d95 f   vcruntime:VCRUNTIME140.dll
 0001:00010d9b       ___current_exception       10011d9b f   vcruntime:VCRUNTIME140.dll
 0001:00010da1       ___current_exception_context 10011da1 f   vcruntime:VCRUNTIME140.dll
 0001:00010da7       _memset                    10011da7 f   vcruntime:VCRUNTIME140.dll
 0001:00010dad       __except_handler4_common   10011dad f   vcruntime:VCRUNTIME140.dll
 0001:00010db3       __lseeki64                 10011db3 f   ucrt:api-ms-win-crt-stdio-l1-1-0.dll
 0001:00010db9       __wopen                    10011db9 f   ucrt:api-ms-win-crt-stdio-l1-1-0.dll
 0001:00010dbf       __open                     10011dbf f   ucrt:api-ms-win-crt-stdio-l1-1-0.dll
 0001:00010dc5       _wcstombs                  10011dc5 f   ucrt:api-ms-win-crt-convert-l1-1-0.dll
 0001:00010dcb       ___stdio_common_vsprintf   10011dcb f   ucrt:api-ms-win-crt-stdio-l1-1-0.dll
 0001:00010dd1       _free                      10011dd1 f   ucrt:api-ms-win-crt-heap-l1-1-0.dll
 0001:00010dd7       _malloc                    10011dd7 f   ucrt:api-ms-win-crt-heap-l1-1-0.dll
 0001:00010ddd       __read                     10011ddd f   ucrt:api-ms-win-crt-stdio-l1-1-0.dll
 0001:00010de3       __close                    10011de3 f   ucrt:api-ms-win-crt-stdio-l1-1-0.dll
 0001:00010de9       __errno                    10011de9 f   ucrt:api-ms-win-crt-runtime-l1-1-0.dll
 0001:00010def       _strerror                  10011def f   ucrt:api-ms-win-crt-runtime-l1-1-0.dll
 0001:00010df5       __write                    10011df5 f   ucrt:api-ms-win-crt-stdio-l1-1-0.dll
 0001:00010dfb       _ftell                     10011dfb f   ucrt:api-ms-win-crt-stdio-l1-1-0.dll
 0001:00010e01       _ferror                    10011e01 f   ucrt:api-ms-win-crt-stdio-l1-1-0.dll
 0001:00010e07       _fopen                     10011e07 f   ucrt:api-ms-win-crt-stdio-l1-1-0.dll
 0001:00010e0d       _fclose                    10011e0d f   ucrt:api-ms-win-crt-stdio-l1-1-0.dll
 0001:00010e13       _fseek                     10011e13 f   ucrt:api-ms-win-crt-stdio-l1-1-0.dll
 0001:00010e19       _fwrite                    10011e19 f   ucrt:api-ms-win-crt-stdio-l1-1-0.dll
 0001:00010e1f       __ftelli64                 10011e1f f   ucrt:api-ms-win-crt-stdio-l1-1-0.dll
 0001:00010e25       _fread                     10011e25 f   ucrt:api-ms-win-crt-stdio-l1-1-0.dll
 0001:00010e2b       __fseeki64                 10011e2b f   ucrt:api-ms-win-crt-stdio-l1-1-0.dll
 0001:00010e31       _srand                     10011e31 f   ucrt:api-ms-win-crt-utility-l1-1-0.dll
 0001:00010e37       _rand                      10011e37 f   ucrt:api-ms-win-crt-utility-l1-1-0.dll
 0001:00010e3d       __time64                   10011e3d f   ucrt:api-ms-win-crt-time-l1-1-0.dll
 0001:00010e43       __initterm                 10011e43 f   ucrt:api-ms-win-crt-runtime-l1-1-0.dll
 0001:00010e49       __initterm_e               10011e49 f   ucrt:api-ms-win-crt-runtime-l1-1-0.dll
 0001:00010e4f       __seh_filter_dll           10011e4f f   ucrt:api-ms-win-crt-runtime-l1-1-0.dll
 0001:00010e55       __configure_narrow_argv    10011e55 f   ucrt:api-ms-win-crt-runtime-l1-1-0.dll
 0001:00010e5b       __initialize_narrow_environment 10011e5b f   ucrt:api-ms-win-crt-runtime-l1-1-0.dll
 0001:00010e61       __initialize_onexit_table  10011e61 f   ucrt:api-ms-win-crt-runtime-l1-1-0.dll
 0001:00010e67       __register_onexit_function 10011e67 f   ucrt:api-ms-win-crt-runtime-l1-1-0.dll
 0001:00010e6d       __execute_onexit_table     10011e6d f   ucrt:api-ms-win-crt-runtime-l1-1-0.dll
 0001:00010e73       __crt_atexit               10011e73 f   ucrt:api-ms-win-crt-runtime-l1-1-0.dll
 0001:00010e79       __crt_at_quick_exit        10011e79 f   ucrt:api-ms-win-crt-runtime-l1-1-0.dll
 0001:00010e7f       __cexit                    10011e7f f   ucrt:api-ms-win-crt-runtime-l1-1-0.dll
 0001:00010e85       _terminate                 10011e85 f   ucrt:api-ms-win-crt-runtime-l1-1-0.dll
 0001:00010e8b       _QueryPerformanceCounter@4 10011e8b f   kernel32:KERNEL32.dll
 0001:00010e91       _GetCurrentProcessId@0     10011e91 f   kernel32:KERNEL32.dll
 0001:00010e97       _GetCurrentThreadId@0      10011e97 f   kernel32:KERNEL32.dll
 0001:00010e9d       _GetSystemTimeAsFileTime@4 10011e9d f   kernel32:KERNEL32.dll
 0001:00010ea3       _DisableThreadLibraryCalls@4 10011ea3 f   kernel32:KERNEL32.dll
 0001:00010ea9       _InitializeSListHead@4     10011ea9 f   kernel32:KERNEL32.dll
 0001:00010eaf       _IsDebuggerPresent@0       10011eaf f   kernel32:KERNEL32.dll
 0001:00010eb5       _UnhandledExceptionFilter@4 10011eb5 f   kernel32:KERNEL32.dll
 0001:00010ebb       _SetUnhandledExceptionFilter@4 10011ebb f   kernel32:KERNEL32.dll
 0001:00010ec1       _GetStartupInfoW@4         10011ec1 f   kernel32:KERNEL32.dll
 0001:00010ec7       _IsProcessorFeaturePresent@4 10011ec7 f   kernel32:KERNEL32.dll
 0001:00010ecd       _GetModuleHandleW@4        10011ecd f   kernel32:KERNEL32.dll
 0001:00010ed3       _GetCurrentProcess@0       10011ed3 f   kernel32:KERNEL32.dll
 0001:00010ed9       _TerminateProcess@8        10011ed9 f   kernel32:KERNEL32.dll
 0001:00010edf       ___acrt_initialize         10011edf f   MSVCRT:ucrt_stubs.obj
 0001:00010edf       ___scrt_stub_for_acrt_initialize 10011edf f   MSVCRT:ucrt_stubs.obj
 0001:00010edf       ___vcrt_initialize         10011edf f   MSVCRT:ucrt_stubs.obj
 0001:00010ee2       ___vcrt_thread_attach      10011ee2 f   MSVCRT:ucrt_stubs.obj
 0001:00010ee2       ___scrt_stub_for_acrt_thread_attach 10011ee2 f   MSVCRT:ucrt_stubs.obj
 0001:00010ee2       ___acrt_thread_attach      10011ee2 f   MSVCRT:ucrt_stubs.obj
 0001:00010ee5       ___acrt_thread_detach      10011ee5 f   MSVCRT:ucrt_stubs.obj
 0001:00010ee5       ___scrt_stub_for_acrt_thread_detach 10011ee5 f   MSVCRT:ucrt_stubs.obj
 0001:00010ee5       ___vcrt_thread_detach      10011ee5 f   MSVCRT:ucrt_stubs.obj
 0001:00010ee8       ___acrt_uninitialize       10011ee8 f   MSVCRT:ucrt_stubs.obj
 0001:00010ee8       ___vcrt_uninitialize       10011ee8 f   MSVCRT:ucrt_stubs.obj
 0001:00010ee8       ___scrt_stub_for_acrt_uninitialize 10011ee8 f   MSVCRT:ucrt_stubs.obj
 0001:00010eeb       ___vcrt_uninitialize_critical 10011eeb f   MSVCRT:ucrt_stubs.obj
 0001:00010eeb       ___scrt_stub_for_acrt_uninitialize_critical 10011eeb f   MSVCRT:ucrt_stubs.obj
 0001:00010eeb       ___acrt_uninitialize_critical 10011eeb f   MSVCRT:ucrt_stubs.obj
 0001:00010eee       ___scrt_stub_for_is_c_termination_complete 10011eee f   MSVCRT:ucrt_stubs.obj
 0001:00010eee       __is_c_termination_complete 10011eee f   MSVCRT:ucrt_stubs.obj
 0001:00010ef1       __filter_x86_sse2_floating_point_exception_default 10011ef1 f   MSVCRT:x86_exception_filter.obj
 0001:00010ef1       __filter_x86_sse2_floating_point_exception 10011ef1 f   MSVCRT:x86_exception_filter.obj
 0001:00010f70       __chkstk                   10011f70 f   MSVCRT:chkstk.obj
 0001:00010f70       __alloca_probe             10011f70 f   MSVCRT:chkstk.obj
 0001:00010f9b       _memchr                    10011f9b f   vcruntime:VCRUNTIME140.dll
 0001:00010fa1       _memcpy                    10011fa1 f   vcruntime:VCRUNTIME140.dll
 0001:00010fa7       _memmove                   10011fa7 f   vcruntime:VCRUNTIME140.dll
 0002:00000000       __imp__ReadFile@20         10012000     kernel32:KERNEL32.dll
 0002:00000004       __imp__WriteFile@20        10012004     kernel32:KERNEL32.dll
 0002:00000008       __imp__SetFilePointer@16   10012008     kernel32:KERNEL32.dll
 0002:0000000c       __imp__CreateFileW@28      1001200c     kernel32:KERNEL32.dll
 0002:00000010       __imp__GetLastError@0      10012010     kernel32:KERNEL32.dll
 0002:00000014       __imp__CreateFileA@28      10012014     kernel32:KERNEL32.dll
 0002:00000018       __imp__CloseHandle@4       10012018     kernel32:KERNEL32.dll
 0002:0000001c       __imp__GetCurrentProcessId@0 1001201c     kernel32:KERNEL32.dll
 0002:00000020       __imp__GetCurrentThreadId@0 10012020     kernel32:KERNEL32.dll
 0002:00000024       __imp__GetSystemTimeAsFileTime@4 10012024     kernel32:KERNEL32.dll
 0002:00000028       __imp__DisableThreadLibraryCalls@4 10012028     kernel32:KERNEL32.dll
 0002:0000002c       __imp__InitializeSListHead@4 1001202c     kernel32:KERNEL32.dll
 0002:00000030       __imp__IsDebuggerPresent@0 10012030     kernel32:KERNEL32.dll
 0002:00000034       __imp__UnhandledExceptionFilter@4 10012034     kernel32:KERNEL32.dll
 0002:00000038       __imp__QueryPerformanceCounter@4 10012038     kernel32:KERNEL32.dll
 0002:0000003c       __imp__TerminateProcess@8  1001203c     kernel32:KERNEL32.dll
 0002:00000040       __imp__GetCurrentProcess@0 10012040     kernel32:KERNEL32.dll
 0002:00000044       __imp__GetModuleHandleW@4  10012044     kernel32:KERNEL32.dll
 0002:00000048       __imp__IsProcessorFeaturePresent@4 10012048     kernel32:KERNEL32.dll
 0002:0000004c       __imp__GetStartupInfoW@4   1001204c     kernel32:KERNEL32.dll
 0002:00000050       __imp__SetUnhandledExceptionFilter@4 10012050     kernel32:KERNEL32.dll
 0002:00000054       \177KERNEL32_NULL_THUNK_DATA 10012054     kernel32:KERNEL32.dll
 0002:00000058       __imp__memset              10012058     vcruntime:VCRUNTIME140.dll
 0002:0000005c       __imp____current_exception_context 1001205c     vcruntime:VCRUNTIME140.dll
 0002:00000060       __imp____current_exception 10012060     vcruntime:VCRUNTIME140.dll
 0002:00000064       __imp____std_type_info_destroy_list 10012064     vcruntime:VCRUNTIME140.dll
 0002:00000068       __imp___except_handler4_common 10012068     vcruntime:VCRUNTIME140.dll
 0002:0000006c       __imp__memchr              1001206c     vcruntime:VCRUNTIME140.dll
 0002:00000070       __imp__memcpy              10012070     vcruntime:VCRUNTIME140.dll
 0002:00000074       __imp__memmove             10012074     vcruntime:VCRUNTIME140.dll
 0002:00000078       \177VCRUNTIME140_NULL_THUNK_DATA 10012078     vcruntime:VCRUNTIME140.dll
 0002:0000007c       __imp__wcstombs            1001207c     ucrt:api-ms-win-crt-convert-l1-1-0.dll
 0002:00000080       \177api-ms-win-crt-convert-l1-1-0_NULL_THUNK_DATA 10012080     ucrt:api-ms-win-crt-convert-l1-1-0.dll
 0002:00000084       __imp__free                10012084     ucrt:api-ms-win-crt-heap-l1-1-0.dll
 0002:00000088       __imp__malloc              10012088     ucrt:api-ms-win-crt-heap-l1-1-0.dll
 0002:0000008c       \177api-ms-win-crt-heap-l1-1-0_NULL_THUNK_DATA 1001208c     ucrt:api-ms-win-crt-heap-l1-1-0.dll
 0002:00000090       __imp__strerror            10012090     ucrt:api-ms-win-crt-runtime-l1-1-0.dll
 0002:00000094       __imp___cexit              10012094     ucrt:api-ms-win-crt-runtime-l1-1-0.dll
 0002:00000098       __imp___initterm           10012098     ucrt:api-ms-win-crt-runtime-l1-1-0.dll
 0002:0000009c       __imp___initterm_e         1001209c     ucrt:api-ms-win-crt-runtime-l1-1-0.dll
 0002:000000a0       __imp___seh_filter_dll     100120a0     ucrt:api-ms-win-crt-runtime-l1-1-0.dll
 0002:000000a4       __imp___configure_narrow_argv 100120a4     ucrt:api-ms-win-crt-runtime-l1-1-0.dll
 0002:000000a8       __imp___initialize_narrow_environment 100120a8     ucrt:api-ms-win-crt-runtime-l1-1-0.dll
 0002:000000ac       __imp___initialize_onexit_table 100120ac     ucrt:api-ms-win-crt-runtime-l1-1-0.dll
 0002:000000b0       __imp___register_onexit_function 100120b0     ucrt:api-ms-win-crt-runtime-l1-1-0.dll
 0002:000000b4       __imp___execute_onexit_table 100120b4     ucrt:api-ms-win-crt-runtime-l1-1-0.dll
 0002:000000b8       __imp___crt_atexit         100120b8     ucrt:api-ms-win-crt-runtime-l1-1-0.dll
 0002:000000bc       __imp___crt_at_quick_exit  100120bc     ucrt:api-ms-win-crt-runtime-l1-1-0.dll
 0002:000000c0       __imp___errno              100120c0     ucrt:api-ms-win-crt-runtime-l1-1-0.dll
 0002:000000c4       __imp__terminate           100120c4     ucrt:api-ms-win-crt-runtime-l1-1-0.dll
 0002:000000c8       \177api-ms-win-crt-runtime-l1-1-0_NULL_THUNK_DATA 100120c8     ucrt:api-ms-win-crt-runtime-l1-1-0.dll
 0002:000000cc       __imp___lseeki64           100120cc     ucrt:api-ms-win-crt-stdio-l1-1-0.dll
 0002:000000d0       __imp__fseek               100120d0     ucrt:api-ms-win-crt-stdio-l1-1-0.dll
 0002:000000d4       __imp___wopen              100120d4     ucrt:api-ms-win-crt-stdio-l1-1-0.dll
 0002:000000d8       __imp___open               100120d8     ucrt:api-ms-win-crt-stdio-l1-1-0.dll
 0002:000000dc       __imp___ftelli64           100120dc     ucrt:api-ms-win-crt-stdio-l1-1-0.dll
 0002:000000e0       __imp__fopen               100120e0     ucrt:api-ms-win-crt-stdio-l1-1-0.dll
 0002:000000e4       __imp__ferror              100120e4     ucrt:api-ms-win-crt-stdio-l1-1-0.dll
 0002:000000e8       __imp__ftell               100120e8     ucrt:api-ms-win-crt-stdio-l1-1-0.dll
 0002:000000ec       __imp___write              100120ec     ucrt:api-ms-win-crt-stdio-l1-1-0.dll
 0002:000000f0       __imp__fclose              100120f0     ucrt:api-ms-win-crt-stdio-l1-1-0.dll
 0002:000000f4       __imp__fread               100120f4     ucrt:api-ms-win-crt-stdio-l1-1-0.dll
 0002:000000f8       __imp___close              100120f8     ucrt:api-ms-win-crt-stdio-l1-1-0.dll
 0002:000000fc       __imp___read               100120fc     ucrt:api-ms-win-crt-stdio-l1-1-0.dll
 0002:00000100       __imp__fwrite              10012100     ucrt:api-ms-win-crt-stdio-l1-1-0.dll
 0002:00000104       __imp___fseeki64           10012104     ucrt:api-ms-win-crt-stdio-l1-1-0.dll
 0002:00000108       __imp____stdio_common_vsprintf 10012108     ucrt:api-ms-win-crt-stdio-l1-1-0.dll
 0002:0000010c       \177api-ms-win-crt-stdio-l1-1-0_NULL_THUNK_DATA 1001210c     ucrt:api-ms-win-crt-stdio-l1-1-0.dll
 0002:00000110       __imp___time64             10012110     ucrt:api-ms-win-crt-time-l1-1-0.dll
 0002:00000114       \177api-ms-win-crt-time-l1-1-0_NULL_THUNK_DATA 10012114     ucrt:api-ms-win-crt-time-l1-1-0.dll
 0002:00000118       __imp__srand               10012118     ucrt:api-ms-win-crt-utility-l1-1-0.dll
 0002:0000011c       __imp__rand                1001211c     ucrt:api-ms-win-crt-utility-l1-1-0.dll
 0002:00000120       \177api-ms-win-crt-utility-l1-1-0_NULL_THUNK_DATA 10012120     ucrt:api-ms-win-crt-utility-l1-1-0.dll
 0002:00000124       ___guard_check_icall_fptr  10012124     MSVCRT:guard_support.obj
 0002:00000128       ___guard_xfg_check_icall_fptr 10012128     MSVCRT:guard_support.obj
 0002:0000012c       ___xc_a                    1001212c     MSVCRT:initializers.obj
 0002:00000130       ___xc_z                    10012130     MSVCRT:initializers.obj
 0002:00000134       ___xi_a                    10012134     MSVCRT:initializers.obj
 0002:00000138       ___xi_z                    10012138     MSVCRT:initializers.obj
 0002:0000013c       ___xp_a                    1001213c     MSVCRT:initializers.obj
 0002:00000140       ___xp_z                    10012140     MSVCRT:initializers.obj
 0002:00000144       ___xt_a                    10012144     MSVCRT:initializers.obj
 0002:00000148       ___xt_z                    10012148     MSVCRT:initializers.obj
 0002:00000150       __pDefaultRawDllMain       10012150     MSVCRT:dll_dllmain.obj
 0002:00000150       __pRawDllMain              10012150     MSVCRT:dll_dllmain.obj
 0002:0000015c       ??_C@_0BD@PGJIJI@1?42?412?4f?9BlazesRus@ 1001215c     compress.obj
 0002:00003cd0       __length_code              10015cd0     trees.obj
 0002:00003dd0       __dist_code                10015dd0     trees.obj
 0002:00004748       _unz_copyright             10016748     unzip.obj
 0002:0000479c       _z_errmsg                  1001679c     zutil.obj
 0002:000047c4       ??_C@_02DKCKIIND@?$CFs@    100167c4     gzlib.obj
 0002:000047c8       ??_C@_07EBNKNFJN@?$DMfd?3?$CFd?$DO@ 100167c8     gzlib.obj
 0002:000047d0       ??_C@_0O@BNNCBLEN@out?5of?5memory@ 100167d0     gzlib.obj
 0002:000047de       ??_C@_00CNPNBAHC@@         100167de     gzlib.obj
 0002:000047e0       ??_C@_02LMMGGCAJ@?3?5@     100167e0     gzlib.obj
 0002:000047e4       ??_C@_06DIJPEION@?$CFs?$CFs?$CFs@ 100167e4     gzlib.obj
 0002:000047ec       ??_C@_0BH@CFIIDOJD@unexpected?5end?5of?5file@ 100167ec     gzread.obj
 0002:00004804       ??_C@_0CH@CPOLIEKA@internal?5error?3?5inflate?5stream?5@ 10016804     gzread.obj
 0002:0000482c       ??_C@_0BG@HCKBMIHF@compressed?5data?5error@ 1001682c     gzread.obj
 0002:00004844       ??_C@_0BP@HLDABFKK@request?5does?5not?5fit?5in?5an?5int@ 10016844     gzread.obj
 0002:00004864       ??_C@_0CB@EGGJDMIK@request?5does?5not?5fit?5in?5a?5size_@ 10016864     gzread.obj
 0002:00004888       ??_C@_0BP@IIKIGMCC@out?5of?5room?5to?5push?5characters@ 10016888     gzread.obj
 0002:000048a8       ??_C@_0CH@DEEGAHIB@internal?5error?3?5deflate?5stream?5@ 100168a8     gzwrite.obj
 0002:000048d0       ??_C@_0CF@MLPJFDMM@requested?5length?5does?5not?5fit?5i@ 100168d0     gzwrite.obj
 0002:000048f8       ??_C@_0CC@ENDIFONJ@string?5length?5does?5not?5fit?5in?5i@ 100168f8     gzwrite.obj
 0002:0000491c       ??_C@_0BD@PJCBIDD@invalid?5block?5type@ 1001691c     infback.obj
 0002:00004930       ??_C@_0BN@LGAADGOK@invalid?5stored?5block?5lengths@ 10016930     infback.obj
 0002:00004950       ??_C@_0CE@GMIGFPBB@too?5many?5length?5or?5distance?5sym@ 10016950     infback.obj
 0002:00004974       ??_C@_0BJ@HDEPPGOH@invalid?5code?5lengths?5set@ 10016974     infback.obj
 0002:00004990       ??_C@_0BK@BMMPFBBH@invalid?5bit?5length?5repeat@ 10016990     infback.obj
 0002:000049ac       ??_C@_0CF@DGDMADCD@invalid?5code?5?9?9?5missing?5end?9of?9@ 100169ac     infback.obj
 0002:000049d4       ??_C@_0BM@IIMGAINC@invalid?5literal?1lengths?5set@ 100169d4     infback.obj
 0002:000049f0       ??_C@_0BG@GMDFCBGP@invalid?5distances?5set@ 100169f0     infback.obj
 0002:00004a08       ??_C@_0BM@FFFLPBBC@invalid?5literal?1length?5code@ 10016a08     infback.obj
 0002:00004a24       ??_C@_0BG@LBKINIKP@invalid?5distance?5code@ 10016a24     infback.obj
 0002:00004a3c       ??_C@_0BO@ECPMAOGG@invalid?5distance?5too?5far?5back@ 10016a3c     infback.obj
 0002:00004a5c       ??_C@_0BH@LIBMMIGA@incorrect?5header?5check@ 10016a5c     inflate.obj
 0002:00004a74       ??_C@_0BL@IHKGDAEE@unknown?5compression?5method@ 10016a74     inflate.obj
 0002:00004a90       ??_C@_0BE@EMOGCLGO@invalid?5window?5size@ 10016a90     inflate.obj
 0002:00004aa4       ??_C@_0BJ@BLBBCOMO@unknown?5header?5flags?5set@ 10016aa4     inflate.obj
 0002:00004ac0       ??_C@_0BE@GONKLEPM@header?5crc?5mismatch@ 10016ac0     inflate.obj
 0002:00004ad4       ??_C@_0BF@MEIGEHBE@incorrect?5data?5check@ 10016ad4     inflate.obj
 0002:00004aec       ??_C@_0BH@FGKKJGOC@incorrect?5length?5check@ 10016aec     inflate.obj
 0002:00004b04       ??_C@_02JDPG@rb@           10016b04     ioapi.obj
 0002:00004b08       ??_C@_03HMFOOINA@r?$CLb@   10016b08     ioapi.obj
 0002:00004b0c       ??_C@_02GMLFBBN@wb@        10016b0c     ioapi.obj
 0002:00004b10       ??_C@_01JOAMLHOP@?9@       10016b10     zip.obj
 0002:00004b14       ??_C@_0BA@MOKMMFOD@need?5dictionary@ 10016b14     zutil.obj
 0002:00004b24       ??_C@_0L@FNAOCBOG@stream?5end@ 10016b24     zutil.obj
 0002:00004b30       ??_C@_0L@KIJFAKBJ@file?5error@ 10016b30     zutil.obj
 0002:00004b3c       ??_C@_0N@MKKNPMJD@stream?5error@ 10016b3c     zutil.obj
 0002:00004b4c       ??_C@_0L@HAHMBNLP@data?5error@ 10016b4c     zutil.obj
 0002:00004b58       ??_C@_0BE@OGGJBMCE@insufficient?5memory@ 10016b58     zutil.obj
 0002:00004b6c       ??_C@_0N@DFPGLBGC@buffer?5error@ 10016b6c     zutil.obj
 0002:00004b7c       ??_C@_0BF@CJFPCCEG@incompatible?5version@ 10016b7c     zutil.obj
 0002:00004c08       __load_config_used         10016c08     MSVCRT:loadcfg.obj
 0002:00004d00       ___CastGuardVftablesStart  10016d00     MSVCRT:guard_support.obj
 0002:00004d04       ___CastGuardVftablesEnd    10016d04     MSVCRT:guard_support.obj
 0002:00004d08       ___volatile_metadata       10016d08     <linker-defined>
 0002:00004ff4       ___rtc_iaa                 10016ff4     MSVCRT:initsect.obj
 0002:00004ff8       ___rtc_izz                 10016ff8     MSVCRT:initsect.obj
 0002:00004ffc       ___rtc_taa                 10016ffc     MSVCRT:initsect.obj
 0002:00005000       ___rtc_tzz                 10017000     MSVCRT:initsect.obj
 0002:00005ddc       __IMPORT_DESCRIPTOR_KERNEL32 10017ddc     kernel32:KERNEL32.dll
 0002:00005df0       __IMPORT_DESCRIPTOR_VCRUNTIME140 10017df0     vcruntime:VCRUNTIME140.dll
 0002:00005e04       __IMPORT_DESCRIPTOR_api-ms-win-crt-stdio-l1-1-0 10017e04     ucrt:api-ms-win-crt-stdio-l1-1-0.dll
 0002:00005e18       __IMPORT_DESCRIPTOR_api-ms-win-crt-convert-l1-1-0 10017e18     ucrt:api-ms-win-crt-convert-l1-1-0.dll
 0002:00005e2c       __IMPORT_DESCRIPTOR_api-ms-win-crt-heap-l1-1-0 10017e2c     ucrt:api-ms-win-crt-heap-l1-1-0.dll
 0002:00005e40       __IMPORT_DESCRIPTOR_api-ms-win-crt-runtime-l1-1-0 10017e40     ucrt:api-ms-win-crt-runtime-l1-1-0.dll
 0002:00005e54       __IMPORT_DESCRIPTOR_api-ms-win-crt-utility-l1-1-0 10017e54     ucrt:api-ms-win-crt-utility-l1-1-0.dll
 0002:00005e68       __IMPORT_DESCRIPTOR_api-ms-win-crt-time-l1-1-0 10017e68     ucrt:api-ms-win-crt-time-l1-1-0.dll
 0002:00005e7c       __NULL_IMPORT_DESCRIPTOR   10017e7c     kernel32:KERNEL32.dll
 0003:00000000       ___scrt_native_dllmain_reason 10019000     MSVCRT:utility.obj
 0003:00000010       ___security_cookie_complement 10019010     MSVCRT:gs_cookie.obj
 0003:00000014       ___security_cookie         10019014     MSVCRT:gs_cookie.obj
 0003:00000018       ___isa_enabled             10019018     MSVCRT:cpu_disp.obj
 0003:0000001c       ___scrt_ucrt_dll_is_in_use 1001901c     MSVCRT:ucrt_stubs.obj
 0003:00000028       ?__type_info_root_node@@3U__type_info_node@@A 10019028     MSVCRT:tncleanup.obj
 0003:00000030       ?_OptionsStorage@?1??__local_stdio_printf_options@@9@4_KA 10019030     MSVCRT:default_local_stdio_options.obj
 0003:00000038       ?_OptionsStorage@?1??__local_stdio_scanf_options@@9@4_KA 10019038     MSVCRT:default_local_stdio_options.obj
 0003:00000040       ___scrt_current_native_startup_state 10019040     MSVCRT:utility.obj
 0003:00000044       ___scrt_native_startup_lock 10019044     MSVCRT:utility.obj
 0003:00000064       ___scrt_debugger_hook_flag 10019064     MSVCRT:utility_desktop.obj
 0003:00000068       ___castguard_check_failure_os_handled_fptr 10019068     MSVCRT:guard_support.obj
 0003:0000006c       ___isa_available           1001906c     MSVCRT:cpu_disp.obj
 0003:00000070       ___favor                   10019070     MSVCRT:cpu_disp.obj
 0003:00000398       ___dyn_tls_init_callback   10019398     <common>
 0003:000003a0       ?_OptionsStorage@?1??__local_stdio_printf_options@@9@9 100193a0     <common>
 0003:000003a8       ?_OptionsStorage@?1??__local_stdio_scanf_options@@9@9 100193a8     <common>

 entry point at        0001:0000ff74

 Static symbols

 0000:fffe4000       .debug$S                   10000000     zlib.exp
 0002:fffee000       __guard_fids___except_handler4 10000000     MSVCRT:chandler4gs.obj
 0002:fffee000       __guard_fids_?dllmain_dispatch@@YAHQAUHINSTANCE__@@KQAX@Z 10000000     MSVCRT:dll_dllmain.obj
 0002:fffee000       __guard_fids__             10000000     MSVCRT:guard_support.obj
 0002:fffee000       __guard_fids__             10000000     MSVCRT:guard_support.obj
 0002:fffee000       __guard_fids___guard_icall_checks_enforced 10000000     MSVCRT:guard_support.obj
 0002:fffee000       __guard_fids____scrt_set_unhandled_exception_filter 10000000     MSVCRT:utility_desktop.obj
 0000:fffe4000       .debug$S                   10000000     vcruntime:VCRUNTIME140.dll
 0000:fffe4000       .debug$S                   10000000     vcruntime:VCRUNTIME140.dll
 0000:fffe4000       .debug$S                   10000000     vcruntime:VCRUNTIME140.dll
 0000:fffe4000       .debug$S                   10000000     vcruntime:VCRUNTIME140.dll
 0000:fffe4000       .debug$S                   10000000     vcruntime:VCRUNTIME140.dll
 0000:fffe4000       .debug$S                   10000000     vcruntime:VCRUNTIME140.dll
 0000:fffe4000       .debug$S                   10000000     vcruntime:VCRUNTIME140.dll
 0000:fffe4000       .debug$S                   10000000     vcruntime:VCRUNTIME140.dll
 0000:fffe4000       .debug$S                   10000000     ucrt:api-ms-win-crt-convert-l1-1-0.dll
 0000:fffe4000       .debug$S                   10000000     ucrt:api-ms-win-crt-heap-l1-1-0.dll
 0000:fffe4000       .debug$S                   10000000     ucrt:api-ms-win-crt-heap-l1-1-0.dll
 0000:fffe4000       .debug$S                   10000000     ucrt:api-ms-win-crt-runtime-l1-1-0.dll
 0000:fffe4000       .debug$S                   10000000     ucrt:api-ms-win-crt-runtime-l1-1-0.dll
 0000:fffe4000       .debug$S                   10000000     ucrt:api-ms-win-crt-runtime-l1-1-0.dll
 0000:fffe4000       .debug$S                   10000000     ucrt:api-ms-win-crt-runtime-l1-1-0.dll
 0000:fffe4000       .debug$S                   10000000     ucrt:api-ms-win-crt-runtime-l1-1-0.dll
 0000:fffe4000       .debug$S                   10000000     ucrt:api-ms-win-crt-runtime-l1-1-0.dll
 0000:fffe4000       .debug$S                   10000000     ucrt:api-ms-win-crt-runtime-l1-1-0.dll
 0000:fffe4000       .debug$S                   10000000     ucrt:api-ms-win-crt-runtime-l1-1-0.dll
 0000:fffe4000       .debug$S                   10000000     ucrt:api-ms-win-crt-runtime-l1-1-0.dll
 0000:fffe4000       .debug$S                   10000000     ucrt:api-ms-win-crt-runtime-l1-1-0.dll
 0000:fffe4000       .debug$S                   10000000     ucrt:api-ms-win-crt-runtime-l1-1-0.dll
 0000:fffe4000       .debug$S                   10000000     ucrt:api-ms-win-crt-runtime-l1-1-0.dll
 0000:fffe4000       .debug$S                   10000000     ucrt:api-ms-win-crt-runtime-l1-1-0.dll
 0000:fffe4000       .debug$S                   10000000     ucrt:api-ms-win-crt-runtime-l1-1-0.dll
 0000:fffe4000       .debug$S                   10000000     ucrt:api-ms-win-crt-stdio-l1-1-0.dll
 0000:fffe4000       .debug$S                   10000000     ucrt:api-ms-win-crt-stdio-l1-1-0.dll
 0000:fffe4000       .debug$S                   10000000     ucrt:api-ms-win-crt-stdio-l1-1-0.dll
 0000:fffe4000       .debug$S                   10000000     ucrt:api-ms-win-crt-stdio-l1-1-0.dll
 0000:fffe4000       .debug$S                   10000000     ucrt:api-ms-win-crt-stdio-l1-1-0.dll
 0000:fffe4000       .debug$S                   10000000     ucrt:api-ms-win-crt-stdio-l1-1-0.dll
 0000:fffe4000       .debug$S                   10000000     ucrt:api-ms-win-crt-stdio-l1-1-0.dll
 0000:fffe4000       .debug$S                   10000000     ucrt:api-ms-win-crt-stdio-l1-1-0.dll
 0000:fffe4000       .debug$S                   10000000     ucrt:api-ms-win-crt-stdio-l1-1-0.dll
 0000:fffe4000       .debug$S                   10000000     ucrt:api-ms-win-crt-stdio-l1-1-0.dll
 0000:fffe4000       .debug$S                   10000000     ucrt:api-ms-win-crt-stdio-l1-1-0.dll
 0000:fffe4000       .debug$S                   10000000     ucrt:api-ms-win-crt-stdio-l1-1-0.dll
 0000:fffe4000       .debug$S                   10000000     ucrt:api-ms-win-crt-stdio-l1-1-0.dll
 0000:fffe4000       .debug$S                   10000000     ucrt:api-ms-win-crt-stdio-l1-1-0.dll
 0000:fffe4000       .debug$S                   10000000     ucrt:api-ms-win-crt-stdio-l1-1-0.dll
 0000:fffe4000       .debug$S                   10000000     ucrt:api-ms-win-crt-stdio-l1-1-0.dll
 0000:fffe4000       .debug$S                   10000000     ucrt:api-ms-win-crt-time-l1-1-0.dll
 0000:fffe4000       .debug$S                   10000000     ucrt:api-ms-win-crt-utility-l1-1-0.dll
 0000:fffe4000       .debug$S                   10000000     ucrt:api-ms-win-crt-utility-l1-1-0.dll
 0000:fffe4000       .debug$S                   10000000     kernel32:KERNEL32.dll
 0000:fffe4000       .debug$S                   10000000     kernel32:KERNEL32.dll
 0000:fffe4000       .debug$S                   10000000     kernel32:KERNEL32.dll
 0000:fffe4000       .debug$S                   10000000     kernel32:KERNEL32.dll
 0000:fffe4000       .debug$S                   10000000     kernel32:KERNEL32.dll
 0000:fffe4000       .debug$S                   10000000     kernel32:KERNEL32.dll
 0000:fffe4000       .debug$S                   10000000     kernel32:KERNEL32.dll
 0000:fffe4000       .debug$S                   10000000     kernel32:KERNEL32.dll
 0000:fffe4000       .debug$S                   10000000     kernel32:KERNEL32.dll
 0000:fffe4000       .debug$S                   10000000     kernel32:KERNEL32.dll
 0000:fffe4000       .debug$S                   10000000     kernel32:KERNEL32.dll
 0000:fffe4000       .debug$S                   10000000     kernel32:KERNEL32.dll
 0000:fffe4000       .debug$S                   10000000     kernel32:KERNEL32.dll
 0000:fffe4000       .debug$S                   10000000     kernel32:KERNEL32.dll
 0000:fffe4000       .debug$S                   10000000     kernel32:KERNEL32.dll
 0000:fffe4000       .debug$S                   10000000     kernel32:KERNEL32.dll
 0000:fffe4000       .debug$S                   10000000     kernel32:KERNEL32.dll
 0000:fffe4000       .debug$S                   10000000     kernel32:KERNEL32.dll
 0000:fffe4000       .debug$S                   10000000     kernel32:KERNEL32.dll
 0000:fffe4000       .debug$S                   10000000     kernel32:KERNEL32.dll
 0000:fffe4000       .debug$S                   10000000     kernel32:KERNEL32.dll
 0001:00000290       _adler32_combine_          10001290 f   adler32.obj
 0001:00000500       _byte_swap                 10001500 f   crc32.obj
 0001:00000510       _multmodp                  10001510 f   crc32.obj
 0001:00000550       _x2nmodp                   10001550 f   crc32.obj
 0001:000005c0       _crc_word                  100015c0 f   crc32.obj
 0001:00000600       _crc_word_big              10001600 f   crc32.obj
 0001:00000a30       _slide_hash                10001a30 f   deflate.obj
 0001:00000cf0       _deflateStateCheck         10001cf0 f   deflate.obj
 0001:000013c0       _putShortMSB               100023c0 f   deflate.obj
 0001:000013f0       _flush_pending             100023f0 f   deflate.obj
 0001:00001f50       _read_buf                  10002f50 f   deflate.obj
 0001:00001fd0       _lm_init                   10002fd0 f   deflate.obj
 0001:00002080       _longest_match             10003080 f   deflate.obj
 0001:00002210       _fill_window               10003210 f   deflate.obj
 0001:000023c0       _deflate_stored            100033c0 f   deflate.obj
 0001:00002780       _deflate_fast              10003780 f   deflate.obj
 0001:00002ad0       _deflate_slow              10003ad0 f   deflate.obj
 0001:00002f30       _deflate_rle               10003f30 f   deflate.obj
 0001:000031e0       _deflate_huff              100041e0 f   deflate.obj
 0001:00003410       _gz_reset                  10004410 f   gzlib.obj
 0001:00003470       _gz_open                   10004470 f   gzlib.obj
 0001:00003718       $LN52                      10004718     gzlib.obj
 0001:00003744       $LN51                      10004744     gzlib.obj
 0001:00003d80       _gz_load                   10004d80 f   gzread.obj
 0001:00003e20       _gz_avail                  10004e20 f   gzread.obj
 0001:00003ea0       _gz_look                   10004ea0 f   gzread.obj
 0001:00004030       _gz_decomp                 10005030 f   gzread.obj
 0001:00004140       _gz_fetch                  10005140 f   gzread.obj
 0001:000041c0       _gz_skip                   100051c0 f   gzread.obj
 0001:00004240       _gz_read                   10005240 f   gzread.obj
 0001:00004800       _gz_init                   10005800 f   gzwrite.obj
 0001:000048f0       _gz_comp                   100058f0 f   gzwrite.obj
 0001:00004a90       _gz_zero                   10005a90 f   gzwrite.obj
 0001:00004b40       _gz_write                  10005b40 f   gzwrite.obj
 0001:00005280       _fixedtables               10006280 f   infback.obj
 0001:00006028       $LN513                     10007028     infback.obj
 0001:00006044       $LN512                     10007044     infback.obj
 0001:00006058       $LN514                     10007058     infback.obj
 0001:000064e0       _inflateStateCheck         100074e0 f   inflate.obj
 0001:000067f0       _fixedtables               100077f0 f   inflate.obj
 0001:00006810       _updatewindow              10007810 f   inflate.obj
 0001:00008074       $LN816                     10009074     inflate.obj
 0001:000080f4       $LN817                     100090f4     inflate.obj
 0001:000082b0       _syncsearch                100092b0 f   inflate.obj
 0001:00008c90       _fopen_file_func           10009c90 f   ioapi.obj
 0001:00008ce0       _fopen64_file_func         10009ce0 f   ioapi.obj
 0001:00008d30       _fread_file_func           10009d30 f   ioapi.obj
 0001:00008d50       _fwrite_file_func          10009d50 f   ioapi.obj
 0001:00008d70       _ftell_file_func           10009d70 f   ioapi.obj
 0001:00008d90       _ftell64_file_func         10009d90 f   ioapi.obj
 0001:00008db0       _fseek_file_func           10009db0 f   ioapi.obj
 0001:00008e00       _fseek64_file_func         10009e00 f   ioapi.obj
 0001:00008e50       _fclose_file_func          10009e50 f   ioapi.obj
 0001:00008e70       _ferror_file_func          10009e70 f   ioapi.obj
 0001:00008ed0       _win32_translate_open_mode 10009ed0 f   iowin32.obj
 0001:00008f40       _win32_build_iowin         10009f40 f   iowin32.obj
 0001:000091a0       _MySetFilePointerEx        1000a1a0 f   iowin32.obj
 0001:000094f0       _tr_static_init            1000a4f0 f   trees.obj
 0001:00009560       _init_block                1000a560 f   trees.obj
 0001:000095f0       _pqdownheap                1000a5f0 f   trees.obj
 0001:000096c0       _gen_bitlen                1000a6c0 f   trees.obj
 0001:000098d0       _gen_codes                 1000a8d0 f   trees.obj
 0001:00009940       _build_tree                1000a940 f   trees.obj
 0001:00009b70       _scan_tree                 1000ab70 f   trees.obj
 0001:00009c70       _send_tree                 1000ac70 f   trees.obj
 0001:0000a190       _build_bl_tree             1000b190 f   trees.obj
 0001:0000a270       _send_all_trees            1000b270 f   trees.obj
 0001:0000a900       _compress_block            1000b900 f   trees.obj
 0001:0000ad30       _detect_data_type          1000bd30 f   trees.obj
 0001:0000ada0       _bi_reverse                1000bda0 f   trees.obj
 0001:0000adc0       _bi_flush                  1000bdc0 f   trees.obj
 0001:0000ae40       _bi_windup                 1000be40 f   trees.obj
 0001:0000aff0       _unz64local_getByte        1000bff0 f   unzip.obj
 0001:0000b040       _unz64local_getShort       1000c040 f   unzip.obj
 0001:0000b0b0       _unz64local_getLong        1000c0b0 f   unzip.obj
 0001:0000b160       _unz64local_getLong64      1000c160 f   unzip.obj
 0001:0000b2d0       _strcmpcasenosensitive_internal 1000c2d0 f   unzip.obj
 0001:0000b3b0       _unz64local_SearchCentralDir 1000c3b0 f   unzip.obj
 0001:0000b570       _unz64local_SearchCentralDir64 1000c570 f   unzip.obj
 0001:0000b7f0       _unzOpenInternal           1000c7f0 f   unzip.obj
 0001:0000bda0       _unz64local_DosDateToTmuDate 1000cda0 f   unzip.obj
 0001:0000be10       _unz64local_GetCurrentFileInfoInternal 1000ce10 f   unzip.obj
 0001:0000c8f0       _unz64local_CheckCurrentFileCoherencyHeader 1000d8f0 f   unzip.obj
 0001:0000d3f0       _time                      1000e3f0 f   zip.obj
 0001:0000d400       _decrypt_byte              1000e400 f   zip.obj
 0001:0000d420       _update_keys               1000e420 f   zip.obj
 0001:0000d470       _init_keys                 1000e470 f   zip.obj
 0001:0000d4c0       _crypthead                 1000e4c0 f   zip.obj
 0001:0000d600       _allocate_new_datablock    1000e600 f   zip.obj
 0001:0000d630       _free_datablock            1000e630 f   zip.obj
 0001:0000d660       _init_linkedlist           1000e660 f   zip.obj
 0001:0000d670       _free_linkedlist           1000e670 f   zip.obj
 0001:0000d690       _add_data_in_datablock     1000e690 f   zip.obj
 0001:0000d750       _zip64local_putValue       1000e750 f   zip.obj
 0001:0000d7c0       _zip64local_putValue_inmemory 1000e7c0 f   zip.obj
 0001:0000d800       _zip64local_TmzDateToDosDate 1000e800 f   zip.obj
 0001:0000d850       _zip64local_getByte        1000e850 f   zip.obj
 0001:0000d8a0       _zip64local_getShort       1000e8a0 f   zip.obj
 0001:0000d910       _zip64local_getLong        1000e910 f   zip.obj
 0001:0000d9c0       _zip64local_getLong64      1000e9c0 f   zip.obj
 0001:0000db40       _zip64local_SearchCentralDir 1000eb40 f   zip.obj
 0001:0000dd00       _zip64local_SearchCentralDir64 1000ed00 f   zip.obj
 0001:0000df80       _LoadCentralDirectoryRecord 1000ef80 f   zip.obj
 0001:0000e6a0       _Write_LocalFileHeader     1000f6a0 f   zip.obj
 0001:0000efd0       _zip64FlushWriteBuffer     1000ffd0 f   zip.obj
 0001:0000f6c0       _Write_Zip64EndOfCentralDirectoryLocator 100106c0 f   zip.obj
 0001:0000f740       _Write_Zip64EndOfCentralDirectoryRecord 10010740 f   zip.obj
 0001:0000f860       _Write_EndOfCentralDirectoryRecord 10010860 f   zip.obj
 0001:0000f990       _Write_GlobalComment       10010990 f   zip.obj
 0001:0000fc2b       ?dllmain_crt_dispatch@@YGHQAUHINSTANCE__@@KQAX@Z 10010c2b f   MSVCRT:dll_dllmain.obj
 0001:0000fc7e       ?dllmain_crt_process_attach@@YAHQAUHINSTANCE__@@QAX@Z 10010c7e f   MSVCRT:dll_dllmain.obj
 0001:0000fd85       ?dllmain_crt_process_detach@@YAH_N@Z 10010d85 f   MSVCRT:dll_dllmain.obj
 0001:0000fe35       ?dllmain_dispatch@@YAHQAUHINSTANCE__@@KQAX@Z 10010e35 f   MSVCRT:dll_dllmain.obj
 0001:0000ff40       ?dllmain_raw@@YGHQAUHINSTANCE__@@KQAX@Z 10010f40 f   MSVCRT:dll_dllmain.obj
 0001:0000ff97       ___get_entropy             10010f97 f   MSVCRT:gs_support.obj
 0001:00010099       ?find_pe_section@@YAPAU_IMAGE_SECTION_HEADER@@QAEI@Z 10011099 f   MSVCRT:utility.obj
 0001:000100e2       ?is_potentially_valid_image_base@@YA_NQAX@Z 100110e2 f   MSVCRT:utility.obj
 0001:00010680       $$000000                   10011680     MSVCRT:sehprolg4.obj
 0001:000106d0       $$000000                   100116d0     MSVCRT:sehprolg4.obj
 0001:000107a0       ___castguard_compat_check  100117a0 f   MSVCRT:guard_support.obj
 0001:00010868       ___castguard_slow_path_compat_check 10011868 f   MSVCRT:guard_support.obj
 0001:00010f70       $$000000                   10011f70     MSVCRT:chkstk.obj
 0001:00010f84       cs10                       10011f84     MSVCRT:chkstk.obj
 0001:00010f92       cs20                       10011f92     MSVCRT:chkstk.obj
 0002:00000154       _GS_ExceptionPointers      10012154     MSVCRT:gs_report.obj
 0002:00000170       _crc_table                 10012170     crc32.obj
 0002:00000570       _crc_big_table             10012570     crc32.obj
 0002:00000970       _crc_braid_table           10012970     crc32.obj
 0002:00001970       _crc_braid_big_table       10013970     crc32.obj
 0002:00002970       _x2n_table                 10014970     crc32.obj
 0002:000029f0       ?my_version@?1??deflateInit2_@@9@9 100149f0     deflate.obj
 0002:00002a08       _configuration_table       10014a08     deflate.obj
 0002:00002a80       ?lenfix@?1??fixedtables@@9@9 10014a80     infback.obj
 0002:00003280       ?distfix@?1??fixedtables@@9@9 10015280     infback.obj
 0002:00003300       ?order@?1??inflateBack@@9@9 10015300     infback.obj
 0002:00003328       ?lenfix@?1??fixedtables@@9@9 10015328     inflate.obj
 0002:00003b28       ?distfix@?1??fixedtables@@9@9 10015b28     inflate.obj
 0002:00003ba8       ?order@?1??inflate@@9@9    10015ba8     inflate.obj
 0002:00003bd0       ?dext@?1??inflate_table@@9@9 10015bd0     inftrees.obj
 0002:00003c10       ?lext@?1??inflate_table@@9@9 10015c10     inftrees.obj
 0002:00003c50       ?lbase@?1??inflate_table@@9@9 10015c50     inftrees.obj
 0002:00003c90       ?dbase@?1??inflate_table@@9@9 10015c90     inftrees.obj
 0002:00003fd0       _static_dtree              10015fd0     trees.obj
 0002:00004048       _extra_blbits              10016048     trees.obj
 0002:00004098       _extra_lbits               10016098     trees.obj
 0002:00004110       _base_dist                 10016110     trees.obj
 0002:00004188       _base_length               10016188     trees.obj
 0002:000041fc       _static_l_desc             100161fc     trees.obj
 0002:00004210       _static_bl_desc            10016210     trees.obj
 0002:00004228       _extra_dbits               10016228     trees.obj
 0002:000042a0       _static_ltree              100162a0     trees.obj
 0002:00004720       _static_d_desc             10016720     trees.obj
 0002:00004734       _bl_order                  10016734     trees.obj
 0002:00005008       __sehtable$?dllmain_crt_process_attach@@YAHQAUHINSTANCE__@@QAX@Z 10017008     MSVCRT:dll_dllmain.obj
 0002:00005028       __sehtable$?dllmain_crt_process_detach@@YAH_N@Z 10017028     MSVCRT:dll_dllmain.obj
 0002:00005050       __sehtable$?dllmain_dispatch@@YAHQAUHINSTANCE__@@KQAX@Z 10017050     MSVCRT:dll_dllmain.obj
 0002:00005070       __sehtable$___scrt_is_nonwritable_in_current_image 10017070     MSVCRT:utility.obj
 0002:00005090       .edata                     10017090     zlib.exp
 0002:000050b8       rgpv                       100170b8     zlib.exp
 0002:00005380       rgszName                   10017380     zlib.exp
 0002:00005590       rgwOrd                     10017590     zlib.exp
 0002:00005698       szName                     10017698     zlib.exp
 0002:000056a1       $N00001                    100176a1     zlib.exp
 0002:000056a9       $N00140                    100176a9     zlib.exp
 0002:000056b9       $N00174                    100176b9     zlib.exp
 0002:000056c3       $N00039                    100176c3     zlib.exp
 0002:000056cd       $N00002                    100176cd     zlib.exp
 0002:000056d6       $N00046                    100176d6     zlib.exp
 0002:000056e4       $N00003                    100176e4     zlib.exp
 0002:000056ea       $N00142                    100176ea     zlib.exp
 0002:000056f8       $N00177                    100176f8     zlib.exp
 0002:0000570c       $N00176                    1001770c     zlib.exp
 0002:0000571e       $N00178                    1001771e     zlib.exp
 0002:0000572f       $N00175                    1001772f     zlib.exp
 0002:00005737       $N00004                    10017737     zlib.exp
 0002:0000573f       $N00047                    1001773f     zlib.exp
 0002:0000574c       $N00005                    1001774c     zlib.exp
 0002:00005758       $N00006                    10017758     zlib.exp
 0002:00005763       $N00173                    10017763     zlib.exp
 0002:00005778       $N00007                    10017778     zlib.exp
 0002:00005786       $N00008                    10017786     zlib.exp
 0002:00005793       $N00009                    10017793     zlib.exp
 0002:000057a1       $N00052                    100177a1     zlib.exp
 0002:000057b0       $N00051                    100177b0     zlib.exp
 0002:000057bd       $N00010                    100177bd     zlib.exp
 0002:000057ca       $N00164                    100177ca     zlib.exp
 0002:000057db       $N00011                    100177db     zlib.exp
 0002:000057f0       $N00144                    100177f0     zlib.exp
 0002:00005801       $N00145                    10017801     zlib.exp
 0002:0000580d       $N00110                    1001780d     zlib.exp
 0002:00005821       $N00111                    10017821     zlib.exp
 0002:00005837       $N00112                    10017837     zlib.exp
 0002:0000584e       $N00113                    1001784e     zlib.exp
 0002:00005865       $N00038                    10017865     zlib.exp
 0002:00005873       $N00146                    10017873     zlib.exp
 0002:0000587c       $N00048                    1001787c     zlib.exp
 0002:00005887       $N00012                    10017887     zlib.exp
 0002:0000588f       $N00147                    1001788f     zlib.exp
 0002:00005899       $N00148                    10017899     zlib.exp
 0002:000058a3       $N00149                    100178a3     zlib.exp
 0002:000058ac       $N00013                    100178ac     zlib.exp
 0002:000058b4       $N00034                    100178b4     zlib.exp
 0002:000058ba       $N00014                    100178ba     zlib.exp
 0002:000058c2       $N00015                    100178c2     zlib.exp
 0002:000058ca       $N00171                    100178ca     zlib.exp
 0002:000058d2       $N00172                    100178d2     zlib.exp
 0002:000058db       $N00030                    100178db     zlib.exp
 0002:000058e2       $N00161                    100178e2     zlib.exp
 0002:000058ea       $N00041                    100178ea     zlib.exp
 0002:000058f1       $N00150                    100178f1     zlib.exp
 0002:000058fa       $N00016                    100178fa     zlib.exp
 0002:00005901       $N00165                    10017901     zlib.exp
 0002:0000590a       $N00028                    1001790a     zlib.exp
 0002:00005913       $N00029                    10017913     zlib.exp
 0002:0000591a       $N00040                    1001791a     zlib.exp
 0002:00005921       $N00017                    10017921     zlib.exp
 0002:00005928       $N00032                    10017928     zlib.exp
 0002:00005931       $N00031                    10017931     zlib.exp
 0002:00005938       $N00035                    10017938     zlib.exp
 0002:00005944       $N00033                    10017944     zlib.exp
 0002:0000594b       $N00049                    1001794b     zlib.exp
 0002:00005954       $N00167                    10017954     zlib.exp
 0002:0000595e       $N00018                    1001795e     zlib.exp
 0002:00005966       $N00019                    10017966     zlib.exp
 0002:0000596e       $N00044                    1001796e     zlib.exp
 0002:0000597a       $N00045                    1001797a     zlib.exp
 0002:00005989       $N00043                    10017989     zlib.exp
 0002:0000599a       $N00168                    1001799a     zlib.exp
 0002:000059ab       $N00042                    100179ab     zlib.exp
 0002:000059b7       $N00020                    100179b7     zlib.exp
 0002:000059c2       $N00166                    100179c2     zlib.exp
 0002:000059d7       $N00156                    100179d7     zlib.exp
 0002:000059e8       $N00021                    100179e8     zlib.exp
 0002:000059f6       $N00022                    100179f6     zlib.exp
 0002:00005a03       $N00157                    10017a03     zlib.exp
 0002:00005a0f       $N00158                    10017a0f     zlib.exp
 0002:00005a1c       $N00159                    10017a1c     zlib.exp
 0002:00005a2a       $N00023                    10017a2a     zlib.exp
 0002:00005a37       $N00163                    10017a37     zlib.exp
 0002:00005a48       $N00024                    10017a48     zlib.exp
 0002:00005a5d       $N00025                    10017a5d     zlib.exp
 0002:00005a69       $N00037                    10017a69     zlib.exp
 0002:00005a7a       $N00160                    10017a7a     zlib.exp
 0002:00005a8b       $N00169                    10017a8b     zlib.exp
 0002:00005a9b       $N00170                    10017a9b     zlib.exp
 0002:00005aa7       $N00026                    10017aa7     zlib.exp
 0002:00005ab2       $N00062                    10017ab2     zlib.exp
 0002:00005abb       $N00072                    10017abb     zlib.exp
 0002:00005acf       $N00124                    10017acf     zlib.exp
 0002:00005ae7       $N00064                    10017ae7     zlib.exp
 0002:00005afd       $N00125                    10017afd     zlib.exp
 0002:00005b1b       $N00127                    10017b1b     zlib.exp
 0002:00005b2b       $N00100                    10017b2b     zlib.exp
 0002:00005b39       $N00073                    10017b39     zlib.exp
 0002:00005b4d       $N00122                    10017b4d     zlib.exp
 0002:00005b60       $N00063                    10017b60     zlib.exp
 0002:00005b71       $N00076                    10017b71     zlib.exp
 0002:00005b87       $N00128                    10017b87     zlib.exp
 0002:00005b98       $N00101                    10017b98     zlib.exp
 0002:00005ba7       $N00065                    10017ba7     zlib.exp
 0002:00005bb8       $N00066                    10017bb8     zlib.exp
 0002:00005bc8       $N00075                    10017bc8     zlib.exp
 0002:00005bd6       $N00077                    10017bd6     zlib.exp
 0002:00005bdf       $N00121                    10017bdf     zlib.exp
 0002:00005beb       $N00120                    10017beb     zlib.exp
 0002:00005bf5       $N00061                    10017bf5     zlib.exp
 0002:00005bfd       $N00078                    10017bfd     zlib.exp
 0002:00005c11       $N00069                    10017c11     zlib.exp
 0002:00005c25       $N00067                    10017c25     zlib.exp
 0002:00005c38       $N00079                    10017c38     zlib.exp
 0002:00005c53       $N00068                    10017c53     zlib.exp
 0002:00005c66       $N00074                    10017c66     zlib.exp
 0002:00005c7f       $N00071                    10017c7f     zlib.exp
 0002:00005c86       $N00126                    10017c86     zlib.exp
 0002:00005c90       $N00070                    10017c90     zlib.exp
 0002:00005c98       $N00036                    10017c98     zlib.exp
 0002:00005c9f       $N00084                    10017c9f     zlib.exp
 0002:00005ca8       $N00083                    10017ca8     zlib.exp
 0002:00005cba       $N00136                    10017cba     zlib.exp
 0002:00005cd1       $N00087                    10017cd1     zlib.exp
 0002:00005ce6       $N00088                    10017ce6     zlib.exp
 0002:00005cef       $N00131                    10017cef     zlib.exp
 0002:00005cfb       $N00130                    10017cfb     zlib.exp
 0002:00005d05       $N00080                    10017d05     zlib.exp
 0002:00005d0d       $N00086                    10017d0d     zlib.exp
 0002:00005d22       $N00133                    10017d22     zlib.exp
 0002:00005d3a       $N00089                    10017d3a     zlib.exp
 0002:00005d4f       $N00134                    10017d4f     zlib.exp
 0002:00005d67       $N00135                    10017d67     zlib.exp
 0002:00005d7f       $N00132                    10017d7f     zlib.exp
 0002:00005d95       $N00081                    10017d95     zlib.exp
 0002:00005da9       $N00082                    10017da9     zlib.exp
 0002:00005dbd       $N00050                    10017dbd     zlib.exp
 0002:00005dce       $N00027                    10017dce     zlib.exp
 0002:00006018       .idata$6                   10018018     kernel32:KERNEL32.dll
 0002:0000609e       .idata$6                   1001809e     vcruntime:VCRUNTIME140.dll
 0002:0000629a       .idata$6                   1001829a     ucrt:api-ms-win-crt-stdio-l1-1-0.dll
 0002:000062ba       .idata$6                   100182ba     ucrt:api-ms-win-crt-convert-l1-1-0.dll
 0002:000062dc       .idata$6                   100182dc     ucrt:api-ms-win-crt-heap-l1-1-0.dll
 0002:000062fc       .idata$6                   100182fc     ucrt:api-ms-win-crt-runtime-l1-1-0.dll
 0002:0000631e       .idata$6                   1001831e     ucrt:api-ms-win-crt-utility-l1-1-0.dll
 0002:00006340       .idata$6                   10018340     ucrt:api-ms-win-crt-time-l1-1-0.dll
 0003:00000020       ?__proc_attached@@3HA      10019020     MSVCRT:dll_dllmain.obj
 0003:00000048       ?is_initialized_as_dll@@3_NA 10019048     MSVCRT:utility.obj
 0003:00000049       ?module_local_atexit_table_initialized@@3_NA 10019049     MSVCRT:utility.obj
 0003:0000004c       ?module_local_atexit_table@@3U_onexit_table_t@@A 1001904c     MSVCRT:utility.obj
 0003:00000058       ?module_local_at_quick_exit_table@@3U_onexit_table_t@@A 10019058     MSVCRT:utility.obj
 0003:00000078       _GS_ExceptionRecord        10019078     MSVCRT:gs_report.obj
 0003:000000c8       _GS_ContextRecord          100190c8     MSVCRT:gs_report.obj
 0003:00000394       ?calls@?1??crypthead@@9@9  10019394     zip.obj
 0004:00000060       $R000000                   1001a060     zlib.res
