 zlib

 Timestamp is 629c1f41 (Sat Jun  4 23:13:05 2022)

 Preferred load address is 10000000

 Start         Length     Name                   Class
 0001:00000000 0002924fH .text$mn                CODE
 0002:00000000 00000104H .CRT$XCA                DATA
 0002:00000104 00000104H .CRT$XCZ                DATA
 0002:00000208 00000104H .CRT$XIA                DATA
 0002:0000030c 00000104H .CRT$XIZ                DATA
 0002:00000410 00000104H .CRT$XPA                DATA
 0002:00000514 00000104H .CRT$XPZ                DATA
 0002:00000618 00000104H .CRT$XTA                DATA
 0002:0000071c 00000104H .CRT$XTZ                DATA
 0002:00000820 000061a0H .rdata                  DATA
 0002:000069c0 00000104H .rdata$CastGuardVftablesA DATA
 0002:00006ac4 00000104H .rdata$CastGuardVftablesC DATA
 0002:00006bc8 0000010cH .rdata$sxdata           DATA
 0002:00006cd4 00000178H .rdata$zzzdbg           DATA
 0002:00006e4c 00000104H .rtc$IAA                DATA
 0002:00006f50 0000015cH .rtc$IMZ                DATA
 0002:000070ac 00000104H .rtc$IZZ                DATA
 0002:000071b0 00000104H .rtc$TAA                DATA
 0002:000072b4 0000015cH .rtc$TMZ                DATA
 0002:00007410 00000108H .rtc$TZZ                DATA
 0002:00007518 000001c8H .xdata$x                DATA
 0002:000076e0 000010f2H .edata                  DATA
 0003:00000000 000009a0H .data                   DATA
 0003:000009a0 0000047cH .bss                    DATA
 0004:00000000 00000224H .idata$5                DATA
 0004:00000224 0000003cH .idata$2                DATA
 0004:00000260 00000014H .idata$3                DATA
 0004:00000274 00000224H .idata$4                DATA
 0004:00000498 0000076dH .idata$6                DATA
 0005:00000000 0000024eH .msvcjmc                DATA
 0006:00000000 00000109H .00cfg                  DATA
 0007:00000000 00000170H .rsrc$01                DATA
 0007:00000170 00000580H .rsrc$02                DATA

  Address         Publics by Value              Rva+Base       Lib:Object

 0000:00000000       ___volatile_metadata       00000000     <absolute>
 0000:00000000       ___hybrid_auxiliary_iat_copy 00000000     <absolute>
 0000:00000000       ___guard_fids_table        00000000     <absolute>
 0000:00000000       ___enclave_config          00000000     <absolute>
 0000:00000000       ___hybrid_auxiliary_iat    00000000     <absolute>
 0000:00000000       ___arm64x_extra_rfe_table_size 00000000     <absolute>
 0000:00000000       ___arm64x_redirection_metadata_count 00000000     <absolute>
 0000:00000000       ___guard_check_icall_a64n_fptr 00000000     <absolute>
 0000:00000000       ___hybrid_code_map         00000000     <absolute>
 0000:00000000       ___x64_code_ranges_to_entry_points 00000000     <absolute>
 0000:00000000       ___guard_longjmp_count     00000000     <absolute>
 0000:00000000       ___AbsoluteZero            00000000     <absolute>
 0000:00000000       ___guard_iat_table         00000000     <absolute>
 0000:00000000       ___hybrid_code_map_count   00000000     <absolute>
 0000:00000000       ___x64_code_ranges_to_entry_points_count 00000000     <absolute>
 0000:00000000       ___guard_iat_count         00000000     <absolute>
 0000:00000000       ___guard_eh_cont_count     00000000     <absolute>
 0000:00000000       ___guard_eh_cont_table     00000000     <absolute>
 0000:00000000       ___arm64x_redirection_metadata 00000000     <absolute>
 0000:00000000       ___guard_fids_count        00000000     <absolute>
 0000:00000000       ___arm64x_native_entrypoint 00000000     <absolute>
 0000:00000000       ___arm64x_extra_rfe_table  00000000     <absolute>
 0000:00000000       ___guard_longjmp_table     00000000     <absolute>
 0000:00000000       ___dynamic_value_reloc_table 00000000     <absolute>
 0000:00000002       ___safe_se_handler_count   00000002     <absolute>
 0000:00000100       ___guard_flags             00000100     <absolute>
 0000:00000000       ___ImageBase               10000000     <linker-defined>
 0001:00000b50       _adler32@12                10001b50 f   adler32.obj
 0001:00000b80       _adler32_z@12              10001b80 f   adler32.obj
 0001:00001150       _adler32_combine@12        10002150 f   adler32.obj
 0001:000012b0       _adler32_combine64@16      100022b0 f   adler32.obj
 0001:000014d0       __JustMyCode_Default       100024d0 f i adler32.obj
 0001:000014e0       _compress@16               100024e0 f   compress.obj
 0001:00001510       _compress2@20              10002510 f   compress.obj
 0001:00001690       _compressBound@4           10002690 f   compress.obj
 0001:00001740       _crc32@12                  10002740 f   crc32.obj
 0001:00001770       _crc32_z@12                10002770 f   crc32.obj
 0001:00001f30       _crc32_combine_op@12       10002f30 f   crc32.obj
 0001:00001f60       _crc32_combine@12          10002f60 f   crc32.obj
 0001:00001f90       _crc32_combine_gen@4       10002f90 f   crc32.obj
 0001:00001fc0       _get_crc_table@0           10002fc0 f   crc32.obj
 0001:00002230       _crc32_combine64@16        10003230 f   crc32.obj
 0001:00002270       _crc32_combine_gen64@8     10003270 f   crc32.obj
 0001:00002570       _deflate@8                 10003570 f   deflate.obj
 0001:000035e0       _deflateEnd@4              100045e0 f   deflate.obj
 0001:00003740       _deflateSetDictionary@12   10004740 f   deflate.obj
 0001:000039e0       _deflateGetDictionary@12   100049e0 f   deflate.obj
 0001:00003aa0       _deflateCopy@8             10004aa0 f   deflate.obj
 0001:00003d30       _deflateReset@4            10004d30 f   deflate.obj
 0001:00003d80       _deflateParams@12          10004d80 f   deflate.obj
 0001:00003f70       _deflateTune@20            10004f70 f   deflate.obj
 0001:00003ff0       _deflateBound@8            10004ff0 f   deflate.obj
 0001:000041b0       _deflatePending@12         100051b0 f   deflate.obj
 0001:00004210       _deflatePrime@12           10005210 f   deflate.obj
 0001:00004320       _deflateSetHeader@8        10005320 f   deflate.obj
 0001:00004370       _deflateInit_@16           10005370 f   deflate.obj
 0001:000043b0       _deflateInit2_@32          100053b0 f   deflate.obj
 0001:00004760       _deflateResetKeep@4        10005760 f   deflate.obj
 0001:00008730       _gzclose@4                 10009730 f   gzclose.obj
 0001:000087c0       _gzdopen@8                 100097c0 f   gzlib.obj
 0001:00008860       _gzbuffer@8                10009860 f   gzlib.obj
 0001:000088f0       _gzrewind@4                100098f0 f   gzlib.obj
 0001:000089b0       _gzeof@4                   100099b0 f   gzlib.obj
 0001:00008a30       _gzerror@8                 10009a30 f   gzlib.obj
 0001:00008ae0       _gzclearerr@4              10009ae0 f   gzlib.obj
 0001:00008b60       _gzopen@8                  10009b60 f   gzlib.obj
 0001:00008b90       _gzseek@12                 10009b90 f   gzlib.obj
 0001:00008c10       _gztell@4                  10009c10 f   gzlib.obj
 0001:00008c80       _gzoffset@4                10009c80 f   gzlib.obj
 0001:00008cf0       _gzopen_w@8                10009cf0 f   gzlib.obj
 0001:00008d20       _gzopen64@8                10009d20 f   gzlib.obj
 0001:00008d50       _gzseek64@16               10009d50 f   gzlib.obj
 0001:00009070       _gztell64@4                1000a070 f   gzlib.obj
 0001:00009110       _gzoffset64@4              1000a110 f   gzlib.obj
 0001:000091e0       _gz_error                  1000a1e0 f   gzlib.obj
 0001:00009cf0       ___local_stdio_printf_options 1000acf0 f i gzlib.obj
 0001:00009d20       _snprintf                  1000ad20 f i gzlib.obj
 0001:00009d90       _vsnprintf                 1000ad90 f i gzlib.obj
 0001:00009e30       _gzread@12                 1000ae30 f   gzread.obj
 0001:00009ee0       _gzfread@16                1000aee0 f   gzread.obj
 0001:00009fb0       _gzgets@12                 1000afb0 f   gzread.obj
 0001:0000a190       _gzgetc@4                  1000b190 f   gzread.obj
 0001:0000a2b0       _gzungetc@8                1000b2b0 f   gzread.obj
 0001:0000a4b0       _gzdirect@4                1000b4b0 f   gzread.obj
 0001:0000a520       _gzclose_r@4               1000b520 f   gzread.obj
 0001:0000a660       _gzgetc_@4                 1000b660 f   gzread.obj
 0001:0000b5a0       _gzsetparams@12            1000c5a0 f   gzwrite.obj
 0001:0000b6c0       _gzwrite@12                1000c6c0 f   gzwrite.obj
 0001:0000b740       _gzfwrite@16               1000c740 f   gzwrite.obj
 0001:0000b810       _gzprintf                  1000c810 f   gzwrite.obj
 0001:0000b870       _gzputs@8                  1000c870 f   gzwrite.obj
 0001:0000b940       _gzputc@8                  1000c940 f   gzwrite.obj
 0001:0000bac0       _gzflush@8                 1000cac0 f   gzwrite.obj
 0001:0000bb80       _gzclose_w@4               1000cb80 f   gzwrite.obj
 0001:0000bcf0       _gzvprintf                 1000ccf0 f   gzwrite.obj
 0001:0000caf0       _inflateBack@20            1000daf0 f   infback.obj
 0001:0000dfe0       _inflateBackEnd@4          1000efe0 f   infback.obj
 0001:0000e050       _inflateBackInit_@20       1000f050 f   infback.obj
 0001:0000e790       _inflate_fast              1000f790 f   inffast.obj
 0001:0000f110       _inflate@8                 10010110 f   inflate.obj
 0001:00011390       _inflateEnd@4              10012390 f   inflate.obj
 0001:00011430       _inflateSetDictionary@12   10012430 f   inflate.obj
 0001:00011530       _inflateGetDictionary@12   10012530 f   inflate.obj
 0001:000115f0       _inflateSync@4             100125f0 f   inflate.obj
 0001:00011810       _inflateCopy@8             10012810 f   inflate.obj
 0001:00011a10       _inflateReset@4            10012a10 f   inflate.obj
 0001:00011a80       _inflateReset2@8           10012a80 f   inflate.obj
 0001:00011b80       _inflatePrime@12           10012b80 f   inflate.obj
 0001:00011c40       _inflateMark@4             10012c40 f   inflate.obj
 0001:00011cf0       _inflateGetHeader@8        10012cf0 f   inflate.obj
 0001:00011d60       _inflateInit_@12           10012d60 f   inflate.obj
 0001:00011d90       _inflateInit2_@16          10012d90 f   inflate.obj
 0001:00011ee0       _inflateSyncPoint@4        10012ee0 f   inflate.obj
 0001:00011f60       _inflateUndermine@8        10012f60 f   inflate.obj
 0001:00011fc0       _inflateValidate@8         10012fc0 f   inflate.obj
 0001:00012040       _inflateCodesUsed@4        10013040 f   inflate.obj
 0001:000120a0       _inflateResetKeep@4        100130a0 f   inflate.obj
 0001:00013210       _inflate_table             10014210 f   inftrees.obj
 0001:000139d0       _fill_fopen64_filefunc     100149d0 f   ioapi.obj
 0001:00013a40       _fill_fopen_filefunc       10014a40 f   ioapi.obj
 0001:00013ab0       _call_zopen64              10014ab0 f   ioapi.obj
 0001:00013b20       _call_zseek64              10014b20 f   ioapi.obj
 0001:00013be0       _call_ztell64              10014be0 f   ioapi.obj
 0001:00013c70       _fill_zlib_filefunc64_32_def_from_filefunc32 10014c70 f   ioapi.obj
 0001:00014380       _fill_win32_filefunc       10015380 f   iowin32.obj
 0001:000143f0       _fill_win32_filefunc64     100153f0 f   iowin32.obj
 0001:00014460       _fill_win32_filefunc64A    10015460 f   iowin32.obj
 0001:000144d0       _fill_win32_filefunc64W    100154d0 f   iowin32.obj
 0001:00014540       _win32_open_file_func      10015540 f   iowin32.obj
 0001:00014670       _win32_read_file_func      10015670 f   iowin32.obj
 0001:00014740       _win32_write_file_func     10015740 f   iowin32.obj
 0001:00014810       _win32_tell64_file_func    10015810 f   iowin32.obj
 0001:00014900       _win32_seek64_file_func    10015900 f   iowin32.obj
 0001:00014a30       _win32_close_file_func     10015a30 f   iowin32.obj
 0001:00014ab0       _win32_error_file_func     10015ab0 f   iowin32.obj
 0001:00014c60       _win32_open64_file_func    10015c60 f   iowin32.obj
 0001:00014d90       _win32_open64_file_funcA   10015d90 f   iowin32.obj
 0001:00014ec0       _win32_open64_file_funcW   10015ec0 f   iowin32.obj
 0001:000150c0       _win32_tell_file_func      100160c0 f   iowin32.obj
 0001:000151a0       _win32_seek_file_func      100161a0 f   iowin32.obj
 0001:000156a0       __tr_init                  100166a0 f   trees.obj
 0001:00015740       __tr_tally                 10016740 f   trees.obj
 0001:000158e0       __tr_flush_block           100168e0 f   trees.obj
 0001:00015ce0       __tr_flush_bits            10016ce0 f   trees.obj
 0001:00015d10       __tr_align                 10016d10 f   trees.obj
 0001:00015fa0       __tr_stored_block          10016fa0 f   trees.obj
 0001:00019890       _uncompress@16             1001a890 f   uncompr.obj
 0001:000198c0       _uncompress2@16            1001a8c0 f   uncompr.obj
 0001:00019b40       _unzStringFileNameCompare@12 1001ab40 f   unzip.obj
 0001:00019b90       _unzOpen@4                 1001ab90 f   unzip.obj
 0001:00019bc0       _unzOpen64@4               1001abc0 f   unzip.obj
 0001:00019bf0       _unzOpen2@8                1001abf0 f   unzip.obj
 0001:00019ca0       _unzOpen2_64@8             1001aca0 f   unzip.obj
 0001:00019d60       _unzClose@4                1001ad60 f   unzip.obj
 0001:00019df0       _unzGetGlobalInfo@8        1001adf0 f   unzip.obj
 0001:00019e50       _unzGetGlobalInfo64@8      1001ae50 f   unzip.obj
 0001:00019eb0       _unzGetGlobalComment@12    1001aeb0 f   unzip.obj
 0001:00019fa0       _unzGoToFirstFile@4        1001afa0 f   unzip.obj
 0001:0001a070       _unzGoToNextFile@4         1001b070 f   unzip.obj
 0001:0001a1e0       _unzLocateFile@12          1001b1e0 f   unzip.obj
 0001:0001a400       _unzGetFilePos@8           1001b400 f   unzip.obj
 0001:0001a4a0       _unzGoToFilePos@8          1001b4a0 f   unzip.obj
 0001:0001a540       _unzGetFilePos64@8         1001b540 f   unzip.obj
 0001:0001a5d0       _unzGoToFilePos64@8        1001b5d0 f   unzip.obj
 0001:0001a6a0       _unzGetCurrentFileInfo64@32 1001b6a0 f   unzip.obj
 0001:0001a6f0       _unzGetCurrentFileInfo@32  1001b6f0 f   unzip.obj
 0001:0001a840       _unzGetCurrentFileZStreamPos64@4 1001b840 f   unzip.obj
 0001:0001a8c0       _unzOpenCurrentFile@4      1001b8c0 f   unzip.obj
 0001:0001a8f0       _unzOpenCurrentFilePassword@8 1001b8f0 f   unzip.obj
 0001:0001a920       _unzOpenCurrentFile2@16    1001b920 f   unzip.obj
 0001:0001a950       _unzOpenCurrentFile3@20    1001b950 f   unzip.obj
 0001:0001ad80       _unzCloseCurrentFile@4     1001bd80 f   unzip.obj
 0001:0001aea0       _unzReadCurrentFile@12     1001bea0 f   unzip.obj
 0001:0001b3d0       _unztell@4                 1001c3d0 f   unzip.obj
 0001:0001b430       _unztell64@4               1001c430 f   unzip.obj
 0001:0001b4a0       _unzeof@4                  1001c4a0 f   unzip.obj
 0001:0001b530       _unzGetLocalExtrafield@12  1001c530 f   unzip.obj
 0001:0001b680       _unzGetOffset64@4          1001c680 f   unzip.obj
 0001:0001b750       _unzGetOffset@4            1001c750 f   unzip.obj
 0001:0001b7a0       _unzSetOffset64@12         1001c7a0 f   unzip.obj
 0001:0001b860       _unzSetOffset@8            1001c860 f   unzip.obj
 0001:0001e930       _zipOpen@8                 1001f930 f   zip.obj
 0001:0001e960       _zipOpen64@8               1001f960 f   zip.obj
 0001:0001e990       _zipOpen2@16               1001f990 f   zip.obj
 0001:0001ea50       _zipOpen2_64@16            1001fa50 f   zip.obj
 0001:0001eb20       _zipOpen3@16               1001fb20 f   zip.obj
 0001:0001ed80       _zipOpenNewFileInZip@40    1001fd80 f   zip.obj
 0001:0001ede0       _zipOpenNewFileInZip64@44  1001fde0 f   zip.obj
 0001:0001ee40       _zipOpenNewFileInZip2@44   1001fe40 f   zip.obj
 0001:0001eea0       _zipOpenNewFileInZip2_64@48 1001fea0 f   zip.obj
 0001:0001ef00       _zipOpenNewFileInZip3@64   1001ff00 f   zip.obj
 0001:0001ef70       _zipOpenNewFileInZip3_64@68 1001ff70 f   zip.obj
 0001:0001efe0       _zipOpenNewFileInZip4@72   1001ffe0 f   zip.obj
 0001:0001f050       _zipOpenNewFileInZip4_64@76 10020050 f   zip.obj
 0001:0001f800       _zipWriteInFileInZip@12    10020800 f   zip.obj
 0001:0001fa30       _zipCloseFileInZip@4       10020a30 f   zip.obj
 0001:0001fa60       _zipCloseFileInZipRaw@12   10020a60 f   zip.obj
 0001:0001fa90       _zipCloseFileInZipRaw64@16 10020a90 f   zip.obj
 0001:000201c0       _zipClose@8                100211c0 f   zip.obj
 0001:00020430       _zipRemoveExtraInfoBlock@12 10021430 f   zip.obj
 0001:00023dd0       _zlibVersion@0             10024dd0 f   zutil.obj
 0001:00023df0       _zlibCompileFlags@0        10024df0 f   zutil.obj
 0001:00023f60       _zError@4                  10024f60 f   zutil.obj
 0001:00023f90       _zcalloc                   10024f90 f   zutil.obj
 0001:00023fd0       _zcfree                    10024fd0 f   zutil.obj
 0001:00024089       _CreateFileA@28            10025089 f   kernel32:KERNEL32.dll
 0001:0002408f       _CreateFileW@28            1002508f f   kernel32:KERNEL32.dll
 0001:00024095       _ReadFile@20               10025095 f   kernel32:KERNEL32.dll
 0001:0002409b       _SetFilePointer@16         1002509b f   kernel32:KERNEL32.dll
 0001:000240a1       _WriteFile@20              100250a1 f   kernel32:KERNEL32.dll
 0001:000240a7       _CloseHandle@4             100250a7 f   kernel32:KERNEL32.dll
 0001:000240ad       _GetLastError@0            100250ad f   kernel32:KERNEL32.dll
 0001:000240c0       @__CheckForDebuggerJustMyCode@4 100250c0 f   MSVCRTD:debugger_jmc.obj
 0001:00024110       @_RTC_AllocaHelper@12      10025110 f   MSVCRTD:stack.obj
 0001:00024150       @_RTC_CheckStackVars2@12   10025150 f   MSVCRTD:stack.obj
 0001:00024260       @_RTC_CheckStackVars@8     10025260 f   MSVCRTD:stack.obj
 0001:000242d0       __RTC_CheckEsp             100252d0 f   MSVCRTD:stack.obj
 0001:00024300       __CRT_RTC_INIT             10025300 f   MSVCRTD:init.obj
 0001:00024310       __CRT_RTC_INITW            10025310 f   MSVCRTD:init.obj
 0001:00024320       __RTC_InitBase             10025320 f   MSVCRTD:init.obj
 0001:00024360       __RTC_Shutdown             10025360 f   MSVCRTD:init.obj
 0001:00024380       __allrem                   10025380 f   MSVCRTD:llrem.obj
 0001:00024460       __allshr                   10025460 f   MSVCRTD:llshr.obj
 0001:00024490       __allmul                   10025490 f   MSVCRTD:llmul.obj
 0001:000244e0       __allshl                   100254e0 f   MSVCRTD:llshl.obj
 0001:00024510       __aulldiv                  10025510 f   MSVCRTD:ulldiv.obj
 0001:000245a0       __aullshr                  100255a0 f   MSVCRTD:ullshr.obj
 0001:000245d0       __alloca_probe             100255d0 f   MSVCRTD:chkstk.obj
 0001:000245d0       __chkstk                   100255d0 f   MSVCRTD:chkstk.obj
 0001:00024c10       __CRT_INIT@12              10025c10 f   MSVCRTD:dll_dllmain.obj
 0001:00024c30       __DllMainCRTStartup@12     10025c30 f   MSVCRTD:dll_dllmain.obj
 0001:00024d10       ?_RTC_AllocaFailure@@YAXPAXPAU_RTC_ALLOCA_NODE@@H@Z 10025d10 f   MSVCRTD:error.obj
 0001:00024e30       ?_RTC_Failure@@YAXPAXH@Z   10025e30 f   MSVCRTD:error.obj
 0001:00024ea0       ?_RTC_StackFailure@@YAXPAXPBD@Z 10025ea0 f   MSVCRTD:error.obj
 0001:00025350       __RTC_UninitUse            10026350 f   MSVCRTD:error.obj
 0001:00025430       __vsprintf_s_l             10026430 f i MSVCRTD:error.obj
 0001:00025470       _sprintf_s                 10026470 f i MSVCRTD:error.obj
 0001:000254a0       ?_RTC_GetErrorFunc@@YAP6AHHPBDH00ZZPBX@Z 100264a0 f   MSVCRTD:userapi.obj
 0001:000254b0       ?_RTC_GetErrorFuncW@@YAP6AHHPB_WH00ZZPBX@Z 100264b0 f   MSVCRTD:userapi.obj
 0001:000254c0       __RTC_GetErrDesc           100264c0 f   MSVCRTD:userapi.obj
 0001:000254e0       __RTC_NumErrors            100264e0 f   MSVCRTD:userapi.obj
 0001:000254f0       __RTC_SetErrorFunc         100264f0 f   MSVCRTD:userapi.obj
 0001:00025520       __RTC_SetErrorFuncW        10026520 f   MSVCRTD:userapi.obj
 0001:00025550       __RTC_SetErrorType         10026550 f   MSVCRTD:userapi.obj
 0001:00025610       ___security_init_cookie    10026610 f   MSVCRTD:gs_support.obj
 0001:000256b0       _DllMain@12                100266b0 f   MSVCRTD:dll_dllmain_stub.obj
 0001:000256e0       ?__scrt_initialize_type_info@@YAXXZ 100266e0 f   MSVCRTD:tncleanup.obj
 0001:00025700       ?__scrt_uninitialize_type_info@@YAXXZ 10026700 f   MSVCRTD:tncleanup.obj
 0001:00025720       ___local_stdio_scanf_options 10026720 f i MSVCRTD:default_local_stdio_options.obj
 0001:00025730       ___scrt_initialize_default_local_stdio_options 10026730 f   MSVCRTD:default_local_stdio_options.obj
 0001:00025780       ?configure_argv@__scrt_narrow_argv_policy@@SAHXZ 10026780 f i MSVCRTD:utility.obj
 0001:00025850       ?initialize_environment@__scrt_narrow_environment_policy@@SAHXZ 10026850 f i MSVCRTD:utility.obj
 0001:000258f0       _NtCurrentTeb              100268f0 f i MSVCRTD:utility.obj
 0001:00025900       ___scrt_acquire_startup_lock 10026900 f   MSVCRTD:utility.obj
 0001:00025960       ___scrt_dllmain_after_initialize_c 10026960 f   MSVCRTD:utility.obj
 0001:000259a0       ___scrt_dllmain_before_initialize_c 100269a0 f   MSVCRTD:utility.obj
 0001:000259d0       ___scrt_dllmain_crt_thread_attach 100269d0 f   MSVCRTD:utility.obj
 0001:00025a10       ___scrt_dllmain_crt_thread_detach 10026a10 f   MSVCRTD:utility.obj
 0001:00025a30       ___scrt_dllmain_exception_filter 10026a30 f   MSVCRTD:utility.obj
 0001:00025a90       ___scrt_dllmain_uninitialize_c 10026a90 f   MSVCRTD:utility.obj
 0001:00025ad0       ___scrt_dllmain_uninitialize_critical 10026ad0 f   MSVCRTD:utility.obj
 0001:00025af0       ___scrt_initialize_crt     10026af0 f   MSVCRTD:utility.obj
 0001:00025b50       ___scrt_initialize_onexit_tables 10026b50 f   MSVCRTD:utility.obj
 0001:00025c60       ___scrt_is_nonwritable_in_current_image 10026c60 f   MSVCRTD:utility.obj
 0001:00025de0       ___scrt_release_startup_lock 10026de0 f   MSVCRTD:utility.obj
 0001:00025e10       ___scrt_uninitialize_crt   10026e10 f   MSVCRTD:utility.obj
 0001:00025e60       __onexit                   10026e60 f   MSVCRTD:utility.obj
 0001:00025ee0       _at_quick_exit             10026ee0 f   MSVCRTD:utility.obj
 0001:00025f30       _atexit                    10026f30 f   MSVCRTD:utility.obj
 0001:00025f70       ___scrt_get_dyn_tls_init_callback 10026f70 f   MSVCRTD:dyn_tls_init.obj
 0001:00025f80       ___scrt_fastfail           10026f80 f   MSVCRTD:utility_desktop.obj
 0001:00026110       ___scrt_get_show_window_mode 10027110 f   MSVCRTD:utility_desktop.obj
 0001:00026160       ___scrt_initialize_mta     10027160 f   MSVCRTD:utility_desktop.obj
 0001:00026170       ___scrt_initialize_winrt   10027170 f   MSVCRTD:utility_desktop.obj
 0001:00026180       ___scrt_is_managed_app     10027180 f   MSVCRTD:utility_desktop.obj
 0001:00026230       ___scrt_set_unhandled_exception_filter 10027230 f   MSVCRTD:utility_desktop.obj
 0001:00026250       ___scrt_exe_initialize_mta 10027250 f   MSVCRTD:utility_desktop.obj
 0001:00026250       ___scrt_stub_for_initialize_mta 10027250 f   MSVCRTD:utility_desktop.obj
 0001:00026260       ___scrt_unhandled_exception_filter@4 10027260 f   MSVCRTD:utility_desktop.obj
 0001:00026300       __crt_debugger_hook        10027300 f   MSVCRTD:utility_desktop.obj
 0001:00026320       __RTC_Initialize           10027320 f   MSVCRTD:initsect.obj
 0001:00026360       __RTC_Terminate            10027360 f   MSVCRTD:initsect.obj
 0001:000263a0       __except_handler4          100273a0 f   MSVCRTD:chandler4gs.obj
 0001:000263f0       @_guard_check_icall_nop@4  100273f0 f i MSVCRTD:guard_support.obj
 0001:00026400       _ReadNoFence               10027400 f i MSVCRTD:guard_support.obj
 0001:00026420       _ReadPointerNoFence        10027420 f i MSVCRTD:guard_support.obj
 0001:00026440       ___castguard_check_failure_debugbreak 10027440 f i MSVCRTD:guard_support.obj
 0001:00026460       ___castguard_check_failure_fastfail 10027460 f i MSVCRTD:guard_support.obj
 0001:00026490       ___castguard_check_failure_nop 10027490 f i MSVCRTD:guard_support.obj
 0001:000264a0       ___castguard_check_failure_os_handled 100274a0 f i MSVCRTD:guard_support.obj
 0001:00026540       ___castguard_slow_path_check_debugbreak 10027540 f i MSVCRTD:guard_support.obj
 0001:00026580       ___castguard_slow_path_check_fastfail 10027580 f i MSVCRTD:guard_support.obj
 0001:000265d0       ___castguard_slow_path_check_nop 100275d0 f i MSVCRTD:guard_support.obj
 0001:000265e0       ___castguard_slow_path_check_os_handled 100275e0 f i MSVCRTD:guard_support.obj
 0001:000266a0       __guard_icall_checks_enforced 100276a0 f i MSVCRTD:guard_support.obj
 0001:00026c70       ?_RTC_GetSrcLine@@YAHPAEPA_WKPAH1K@Z 10027c70 f   MSVCRTD:pdblkup.obj
 0001:000270d0       @__security_check_cookie@4 100280d0 f   MSVCRTD:secchk.obj
 0001:000270f0       __except_handler4_noexcept 100280f0 f   MSVCRTD:chandler4_noexcept.obj
 0001:00027170       ___isa_available_init      10028170 f   MSVCRTD:cpu_disp.obj
 0001:00027570       __get_startup_argv_mode    10028570 f   MSVCRTD:argv_mode.obj
 0001:00027580       ___scrt_is_ucrt_dll_in_use 10028580 f   MSVCRTD:ucrt_detection.obj
 0001:000275b0       ___raise_securityfailure   100285b0 f   MSVCRTD:gs_report.obj
 0001:000275f0       ___report_gsfailure        100285f0 f   MSVCRTD:gs_report.obj
 0001:00027740       ___report_rangecheckfailure 10028740 f   MSVCRTD:gs_report.obj
 0001:00027750       ___report_securityfailure  10028750 f   MSVCRTD:gs_report.obj
 0001:00027860       ___report_securityfailureEx 10028860 f   MSVCRTD:gs_report.obj
 0001:000279cf       _memcpy                    100289cf f   vcruntimed:VCRUNTIME140D.dll
 0001:000279d5       _memset                    100289d5 f   vcruntimed:VCRUNTIME140D.dll
 0001:000279db       _memchr                    100289db f   vcruntimed:VCRUNTIME140D.dll
 0001:000279e1       _memmove                   100289e1 f   vcruntimed:VCRUNTIME140D.dll
 0001:000279e7       ___std_type_info_destroy_list 100289e7 f   vcruntimed:VCRUNTIME140D.dll
 0001:000279ed       ___current_exception       100289ed f   vcruntimed:VCRUNTIME140D.dll
 0001:000279f3       ___current_exception_context 100289f3 f   vcruntimed:VCRUNTIME140D.dll
 0001:000279f9       __except_handler4_common   100289f9 f   vcruntimed:VCRUNTIME140D.dll
 0001:000279ff       ___vcrt_GetModuleFileNameW 100289ff f   vcruntimed:VCRUNTIME140D.dll
 0001:00027a05       ___vcrt_GetModuleHandleW   10028a05 f   vcruntimed:VCRUNTIME140D.dll
 0001:00027a0b       ___vcrt_LoadLibraryExW     10028a0b f   vcruntimed:VCRUNTIME140D.dll
 0001:00027a11       ___stdio_common_vsprintf   10028a11 f   ucrtd:ucrtbased.dll
 0001:00027a17       _strlen                    10028a17 f   ucrtd:ucrtbased.dll
 0001:00027a1d       _free                      10028a1d f   ucrtd:ucrtbased.dll
 0001:00027a23       _malloc                    10028a23 f   ucrtd:ucrtbased.dll
 0001:00027a29       _wcstombs                  10028a29 f   ucrtd:ucrtbased.dll
 0001:00027a2f       __wopen                    10028a2f f   ucrtd:ucrtbased.dll
 0001:00027a35       __lseeki64                 10028a35 f   ucrtd:ucrtbased.dll
 0001:00027a3b       __open                     10028a3b f   ucrtd:ucrtbased.dll
 0001:00027a41       __errno                    10028a41 f   ucrtd:ucrtbased.dll
 0001:00027a47       _strerror                  10028a47 f   ucrtd:ucrtbased.dll
 0001:00027a4d       __close                    10028a4d f   ucrtd:ucrtbased.dll
 0001:00027a53       __read                     10028a53 f   ucrtd:ucrtbased.dll
 0001:00027a59       __write                    10028a59 f   ucrtd:ucrtbased.dll
 0001:00027a5f       _fclose                    10028a5f f   ucrtd:ucrtbased.dll
 0001:00027a65       _ferror                    10028a65 f   ucrtd:ucrtbased.dll
 0001:00027a6b       _fopen                     10028a6b f   ucrtd:ucrtbased.dll
 0001:00027a71       _fread                     10028a71 f   ucrtd:ucrtbased.dll
 0001:00027a77       _fseek                     10028a77 f   ucrtd:ucrtbased.dll
 0001:00027a7d       __fseeki64                 10028a7d f   ucrtd:ucrtbased.dll
 0001:00027a83       _ftell                     10028a83 f   ucrtd:ucrtbased.dll
 0001:00027a89       __ftelli64                 10028a89 f   ucrtd:ucrtbased.dll
 0001:00027a8f       _fwrite                    10028a8f f   ucrtd:ucrtbased.dll
 0001:00027a95       _strcmp                    10028a95 f   ucrtd:ucrtbased.dll
 0001:00027a9b       _srand                     10028a9b f   ucrtd:ucrtbased.dll
 0001:00027aa1       _rand                      10028aa1 f   ucrtd:ucrtbased.dll
 0001:00027aa7       __time64                   10028aa7 f   ucrtd:ucrtbased.dll
 0001:00027aad       __CrtDbgReport             10028aad f   ucrtd:ucrtbased.dll
 0001:00027ab3       __CrtDbgReportW            10028ab3 f   ucrtd:ucrtbased.dll
 0001:00027ab9       __initterm                 10028ab9 f   ucrtd:ucrtbased.dll
 0001:00027abf       __initterm_e               10028abf f   ucrtd:ucrtbased.dll
 0001:00027ac5       _strcpy_s                  10028ac5 f   ucrtd:ucrtbased.dll
 0001:00027acb       _strcat_s                  10028acb f   ucrtd:ucrtbased.dll
 0001:00027ad1       ___stdio_common_vsprintf_s 10028ad1 f   ucrtd:ucrtbased.dll
 0001:00027ad7       __seh_filter_dll           10028ad7 f   ucrtd:ucrtbased.dll
 0001:00027add       __configure_narrow_argv    10028add f   ucrtd:ucrtbased.dll
 0001:00027ae3       __initialize_narrow_environment 10028ae3 f   ucrtd:ucrtbased.dll
 0001:00027ae9       __initialize_onexit_table  10028ae9 f   ucrtd:ucrtbased.dll
 0001:00027aef       __register_onexit_function 10028aef f   ucrtd:ucrtbased.dll
 0001:00027af5       __execute_onexit_table     10028af5 f   ucrtd:ucrtbased.dll
 0001:00027afb       __crt_atexit               10028afb f   ucrtd:ucrtbased.dll
 0001:00027b01       __crt_at_quick_exit        10028b01 f   ucrtd:ucrtbased.dll
 0001:00027b07       __cexit                    10028b07 f   ucrtd:ucrtbased.dll
 0001:00027b0d       _terminate                 10028b0d f   ucrtd:ucrtbased.dll
 0001:00027b13       __wmakepath_s              10028b13 f   ucrtd:ucrtbased.dll
 0001:00027b19       __wsplitpath_s             10028b19 f   ucrtd:ucrtbased.dll
 0001:00027b1f       _wcscpy_s                  10028b1f f   ucrtd:ucrtbased.dll
 0001:00027b25       _GetCurrentThreadId@0      10028b25 f   kernel32:KERNEL32.dll
 0001:00027b2b       _IsDebuggerPresent@0       10028b2b f   kernel32:KERNEL32.dll
 0001:00027b31       _RaiseException@16         10028b31 f   kernel32:KERNEL32.dll
 0001:00027b37       _MultiByteToWideChar@24    10028b37 f   kernel32:KERNEL32.dll
 0001:00027b3d       _WideCharToMultiByte@32    10028b3d f   kernel32:KERNEL32.dll
 0001:00027b43       _QueryPerformanceCounter@4 10028b43 f   kernel32:KERNEL32.dll
 0001:00027b49       _GetCurrentProcessId@0     10028b49 f   kernel32:KERNEL32.dll
 0001:00027b4f       _GetSystemTimeAsFileTime@4 10028b4f f   kernel32:KERNEL32.dll
 0001:00027b55       _DisableThreadLibraryCalls@4 10028b55 f   kernel32:KERNEL32.dll
 0001:00027b5b       _InitializeSListHead@4     10028b5b f   kernel32:KERNEL32.dll
 0001:00027b61       _UnhandledExceptionFilter@4 10028b61 f   kernel32:KERNEL32.dll
 0001:00027b67       _SetUnhandledExceptionFilter@4 10028b67 f   kernel32:KERNEL32.dll
 0001:00027b6d       _GetStartupInfoW@4         10028b6d f   kernel32:KERNEL32.dll
 0001:00027b73       _IsProcessorFeaturePresent@4 10028b73 f   kernel32:KERNEL32.dll
 0001:00027b79       _GetModuleHandleW@4        10028b79 f   kernel32:KERNEL32.dll
 0001:00027b7f       _HeapAlloc@12              10028b7f f   kernel32:KERNEL32.dll
 0001:00027b85       _HeapFree@12               10028b85 f   kernel32:KERNEL32.dll
 0001:00027b8b       _GetProcessHeap@0          10028b8b f   kernel32:KERNEL32.dll
 0001:00027b91       _VirtualQuery@12           10028b91 f   kernel32:KERNEL32.dll
 0001:00027b97       _FreeLibrary@4             10028b97 f   kernel32:KERNEL32.dll
 0001:00027b9d       _GetProcAddress@8          10028b9d f   kernel32:KERNEL32.dll
 0001:00027ba3       _GetCurrentProcess@0       10028ba3 f   kernel32:KERNEL32.dll
 0001:00027ba9       _TerminateProcess@8        10028ba9 f   kernel32:KERNEL32.dll
 0001:00027bb0       ___vcrt_initialize         10028bb0 f   MSVCRTD:ucrt_stubs.obj
 0001:00027bb0       ___acrt_initialize         10028bb0 f   MSVCRTD:ucrt_stubs.obj
 0001:00027bb0       ___scrt_stub_for_acrt_initialize 10028bb0 f   MSVCRTD:ucrt_stubs.obj
 0001:00027bc0       ___scrt_stub_for_acrt_thread_attach 10028bc0 f   MSVCRTD:ucrt_stubs.obj
 0001:00027bc0       ___acrt_thread_attach      10028bc0 f   MSVCRTD:ucrt_stubs.obj
 0001:00027bc0       ___vcrt_thread_attach      10028bc0 f   MSVCRTD:ucrt_stubs.obj
 0001:00027bd0       ___vcrt_thread_detach      10028bd0 f   MSVCRTD:ucrt_stubs.obj
 0001:00027bd0       ___acrt_thread_detach      10028bd0 f   MSVCRTD:ucrt_stubs.obj
 0001:00027bd0       ___scrt_stub_for_acrt_thread_detach 10028bd0 f   MSVCRTD:ucrt_stubs.obj
 0001:00027be0       ___scrt_stub_for_acrt_uninitialize 10028be0 f   MSVCRTD:ucrt_stubs.obj
 0001:00027be0       ___acrt_uninitialize       10028be0 f   MSVCRTD:ucrt_stubs.obj
 0001:00027be0       ___vcrt_uninitialize       10028be0 f   MSVCRTD:ucrt_stubs.obj
 0001:00027bf0       ___vcrt_uninitialize_critical 10028bf0 f   MSVCRTD:ucrt_stubs.obj
 0001:00027bf0       ___scrt_stub_for_acrt_uninitialize_critical 10028bf0 f   MSVCRTD:ucrt_stubs.obj
 0001:00027bf0       ___acrt_uninitialize_critical 10028bf0 f   MSVCRTD:ucrt_stubs.obj
 0001:00027c00       ___scrt_stub_for_is_c_termination_complete 10028c00 f   MSVCRTD:ucrt_stubs.obj
 0001:00027c00       __is_c_termination_complete 10028c00 f   MSVCRTD:ucrt_stubs.obj
 0001:00027c10       __filter_x86_sse2_floating_point_exception 10028c10 f   MSVCRTD:x86_exception_filter.obj
 0001:00027c10       __filter_x86_sse2_floating_point_exception_default 10028c10 f   MSVCRTD:x86_exception_filter.obj
 0002:00000000       ___xc_a                    1002b000     MSVCRTD:initializers.obj
 0002:00000104       ___xc_z                    1002b104     MSVCRTD:initializers.obj
 0002:00000208       ___xi_a                    1002b208     MSVCRTD:initializers.obj
 0002:0000030c       ___xi_z                    1002b30c     MSVCRTD:initializers.obj
 0002:00000410       ___xp_a                    1002b410     MSVCRTD:initializers.obj
 0002:00000514       ___xp_z                    1002b514     MSVCRTD:initializers.obj
 0002:00000618       ___xt_a                    1002b618     MSVCRTD:initializers.obj
 0002:0000071c       ___xt_z                    1002b71c     MSVCRTD:initializers.obj
 0002:000038c0       _deflate_copyright         1002e8c0     deflate.obj
 0002:00004e80       _inflate_copyright         1002fe80     inftrees.obj
 0002:00004ff8       __length_code              1002fff8     trees.obj
 0002:000050f8       __dist_code                100300f8     trees.obj
 0002:00005c88       _unz_copyright             10030c88     unzip.obj
 0002:00005cf0       _zip_copyright             10030cf0     zip.obj
 0002:00005d50       _z_errmsg                  10030d50     zutil.obj
 0002:00005d80       __pRawDllMain              10030d80     MSVCRTD:dll_dllmain.obj
 0002:00005d80       __pDefaultRawDllMain       10030d80     MSVCRTD:dll_dllmain.obj
 0002:00005e40       ??_C@_0NN@JMPELKLB@The?5value?5of?5ESP?5was?5not?5proper@ 10030e40     MSVCRTD:error.obj
 0002:00005f50       ??_C@_0BBN@ELNNILBE@A?5cast?5to?5a?5smaller?5data?5type?5h@ 10030f50     MSVCRTD:error.obj
 0002:000060a8       ??_C@_0BN@BPOGFMJL@Stack?5memory?5was?5corrupted?$AN?6@ 100310a8     MSVCRTD:error.obj
 0002:000060cc       ??_C@_0DG@DAJCDLPN@A?5local?5variable?5was?5used?5befor@ 100310cc     MSVCRTD:error.obj
 0002:0000610c       ??_C@_0CM@JMIDGKLA@Stack?5memory?5around?5_alloca?5was@ 1003110c     MSVCRTD:error.obj
 0002:00006140       ??_C@_0BO@CHIONIOI@Unknown?5Runtime?5Check?5Error?$AN?6@ 10031140     MSVCRTD:error.obj
 0002:00006168       ??_C@_1GM@CNOOJIHC@?$AAR?$AAu?$AAn?$AAt?$AAi?$AAm?$AAe?$AA?5?$AAC?$AAh?$AAe?$AAc?$AAk?$AA?5?$AAE@ 10031168     MSVCRTD:error.obj
 0002:000061f0       ??_C@_1EA@NFKNIFJP@?$AAR?$AAu?$AAn?$AA?9?$AAT?$AAi?$AAm?$AAe?$AA?5?$AAC?$AAh?$AAe?$AAc?$AAk?$AA?5@ 100311f0     MSVCRTD:error.obj
 0002:0000623c       ??_C@_0BB@PFFGGCJP@Unknown?5Filename@ 1003123c     MSVCRTD:error.obj
 0002:00006250       ??_C@_0BE@GNBOBNCK@Unknown?5Module?5Name@ 10031250     MSVCRTD:error.obj
 0002:00006268       ??_C@_0CA@IODNCDPG@Run?9Time?5Check?5Failure?5?$CD?$CFd?5?9?5?$CFs@ 10031268     MSVCRTD:error.obj
 0002:00006290       ??_C@_0CG@IAFNJNEE@Stack?5corrupted?5near?5unknown?5va@ 10031290     MSVCRTD:error.obj
 0002:000062c0       ??_C@_05MKKEDADM@?$CF?42X?5@ 100312c0     MSVCRTD:error.obj
 0002:000062c8       ??_C@_0EJ@LJKNEOLN@Stack?5area?5around?5_alloca?5memor@ 100312c8     MSVCRTD:error.obj
 0002:00006320       ??_C@_01EEMJAFIK@?6@       10031320     MSVCRTD:error.obj
 0002:00006324       ??_C@_02LLMPMKNF@?$DO?5@   10031324     MSVCRTD:error.obj
 0002:00006328       ??_C@_08OMAHNMHJ@?6Data?3?5?$DM@ 10031328     MSVCRTD:error.obj
 0002:00006334       ??_C@_0CK@DKGBICFE@?6Allocation?5number?5within?5this?5@ 10031334     MSVCRTD:error.obj
 0002:00006368       ??_C@_07DFDJCKFN@?6Size?3?5@ 10031368     MSVCRTD:error.obj
 0002:00006374       ??_C@_0N@MHFFIMFG@?6Address?3?50x@ 10031374     MSVCRTD:error.obj
 0002:00006388       ??_C@_0EI@CLEPFNGI@Stack?5area?5around?5_alloca?5memor@ 10031388     MSVCRTD:error.obj
 0002:000063e0       ??_C@_0BK@ODNDAGKB@?$CFs?$CFs?$CFp?$CFs?$CFzd?$CFs?$CFd?$CFs?$CFs?$CFs?$CFs?$CFs@ 100313e0     MSVCRTD:error.obj
 0002:00006400       ??_C@_0DE@OHJBPMBP@A?5variable?5is?5being?5used?5withou@ 10031400     MSVCRTD:error.obj
 0002:00006458       ??_C@_0BJ@HEGAHDFO@Stack?5pointer?5corruption@ 10031458     MSVCRTD:userapi.obj
 0002:00006478       ??_C@_0CK@FEGOIOPB@Cast?5to?5smaller?5type?5causing?5lo@ 10031478     MSVCRTD:userapi.obj
 0002:000064ac       ??_C@_0BI@CIGMDCBH@Stack?5memory?5corruption@ 100314ac     MSVCRTD:userapi.obj
 0002:000064c8       ??_C@_0CK@CNLNOEPB@Local?5variable?5used?5before?5init@ 100314c8     MSVCRTD:userapi.obj
 0002:000064fc       ??_C@_0BP@OGBCLIBO@Stack?5around?5_alloca?5corrupted@ 100314fc     MSVCRTD:userapi.obj
 0002:00006580       ??_C@_1EI@MLPKHBGE@?$AAa?$AAp?$AAi?$AA?9?$AAm?$AAs?$AA?9?$AAw?$AAi?$AAn?$AA?9?$AAc?$AAo?$AAr?$AAe@ 10031580     MSVCRTD:pdblkup.obj
 0002:000065d8       ??_C@_1BK@JHLNAEJL@?$AAa?$AAd?$AAv?$AAa?$AAp?$AAi?$AA3?$AA2?$AA?4?$AAd?$AAl?$AAl@ 100315d8     MSVCRTD:pdblkup.obj
 0002:000065f8       ??_C@_0O@COHOBMLB@RegOpenKeyExW@ 100315f8     MSVCRTD:pdblkup.obj
 0002:00006608       ??_C@_0BB@GLNAEDBD@RegQueryValueExW@ 10031608     MSVCRTD:pdblkup.obj
 0002:0000661c       ??_C@_0M@HLOHPNFA@RegCloseKey@ 1003161c     MSVCRTD:pdblkup.obj
 0002:00006630       ??_C@_1HE@EBEAGLFB@?$AAS?$AAO?$AAF?$AAT?$AAW?$AAA?$AAR?$AAE?$AA?2?$AAW?$AAo?$AAw?$AA6?$AA4?$AA3@ 10031630     MSVCRTD:pdblkup.obj
 0002:000066bc       ??_C@_1BG@EABPBLLF@?$AAP?$AAr?$AAo?$AAd?$AAu?$AAc?$AAt?$AAD?$AAi?$AAr@ 100316bc     MSVCRTD:pdblkup.obj
 0002:000066fc       ??_C@_1BC@JINFINNJ@?$AAM?$AAS?$AAP?$AAD?$AAB?$AA1?$AA4?$AA0@ 100316fc     MSVCRTD:pdblkup.obj
 0002:00006714       ??_C@_0BB@KCIACLNC@PDBOpenValidate5@ 10031714     MSVCRTD:pdblkup.obj
 0002:00006728       ??_C@_01KDCPPGHE@r@        10031728     MSVCRTD:pdblkup.obj
 0002:00006770       __load_config_used         10031770     MSVCRTD:loadcfg.obj
 0002:000069c0       ___CastGuardVftablesStart  100319c0     MSVCRTD:guard_support.obj
 0002:00006ac4       ___CastGuardVftablesEnd    10031ac4     MSVCRTD:guard_support.obj
 0002:00006bc8       ___safe_se_handler_table   10031bc8     <linker-defined>
 0002:00006e4c       ___rtc_iaa                 10031e4c     MSVCRTD:initsect.obj
 0002:000070ac       ___rtc_izz                 100320ac     MSVCRTD:initsect.obj
 0002:000071b0       ___rtc_taa                 100321b0     MSVCRTD:initsect.obj
 0002:00007410       ___rtc_tzz                 10032410     MSVCRTD:initsect.obj
 0003:00000860       ?_RTC_ErrorLevels@@3PAHA   10034860     MSVCRTD:error.obj
 0003:00000878       ___scrt_native_dllmain_reason 10034878     MSVCRTD:utility.obj
 0003:0000087c       ___security_cookie_complement 1003487c     MSVCRTD:gs_cookie.obj
 0003:00000880       ___security_cookie         10034880     MSVCRTD:gs_cookie.obj
 0003:00000888       ___isa_enabled             10034888     MSVCRTD:cpu_disp.obj
 0003:0000088c       ___scrt_ucrt_dll_is_in_use 1003488c     MSVCRTD:ucrt_stubs.obj
 0003:000009b0       ?_OptionsStorage@?1??__local_stdio_printf_options@@9@4_KA 100349b0     MSVCRTD:error.obj
 0003:000009c8       ?__type_info_root_node@@3U__type_info_node@@A 100349c8     MSVCRTD:tncleanup.obj
 0003:000009d8       ?_OptionsStorage@?1??__local_stdio_scanf_options@@9@4_KA 100349d8     MSVCRTD:default_local_stdio_options.obj
 0003:000009e4       ___scrt_current_native_startup_state 100349e4     MSVCRTD:utility.obj
 0003:000009e8       ___scrt_native_startup_lock 100349e8     MSVCRTD:utility.obj
 0003:00000a10       ___scrt_debugger_hook_flag 10034a10     MSVCRTD:utility_desktop.obj
 0003:00000a14       ___castguard_check_failure_os_handled_fptr 10034a14     MSVCRTD:guard_support.obj
 0003:00000a20       ___isa_available           10034a20     MSVCRTD:cpu_disp.obj
 0003:00000a24       ___favor                   10034a24     MSVCRTD:cpu_disp.obj
 0003:00000df0       ?_OptionsStorage@?1??__local_stdio_printf_options@@9@9 10034df0     <common>
 0003:00000e04       ___dyn_tls_init_callback   10034e04     <common>
 0003:00000e10       ___DebuggerCurrentSteppingThreadId 10034e10     <common>
 0004:00000000       __imp__CreateFileA@28      10035000     kernel32:KERNEL32.dll
 0004:00000004       __imp__CreateFileW@28      10035004     kernel32:KERNEL32.dll
 0004:00000008       __imp__ReadFile@20         10035008     kernel32:KERNEL32.dll
 0004:0000000c       __imp__SetFilePointer@16   1003500c     kernel32:KERNEL32.dll
 0004:00000010       __imp__WriteFile@20        10035010     kernel32:KERNEL32.dll
 0004:00000014       __imp__CloseHandle@4       10035014     kernel32:KERNEL32.dll
 0004:00000018       __imp__GetLastError@0      10035018     kernel32:KERNEL32.dll
 0004:0000001c       __imp__GetCurrentProcess@0 1003501c     kernel32:KERNEL32.dll
 0004:00000020       __imp__GetProcAddress@8    10035020     kernel32:KERNEL32.dll
 0004:00000024       __imp__FreeLibrary@4       10035024     kernel32:KERNEL32.dll
 0004:00000028       __imp__VirtualQuery@12     10035028     kernel32:KERNEL32.dll
 0004:0000002c       __imp__GetProcessHeap@0    1003502c     kernel32:KERNEL32.dll
 0004:00000030       __imp__HeapFree@12         10035030     kernel32:KERNEL32.dll
 0004:00000034       __imp__HeapAlloc@12        10035034     kernel32:KERNEL32.dll
 0004:00000038       __imp__GetModuleHandleW@4  10035038     kernel32:KERNEL32.dll
 0004:0000003c       __imp__IsProcessorFeaturePresent@4 1003503c     kernel32:KERNEL32.dll
 0004:00000040       __imp__GetStartupInfoW@4   10035040     kernel32:KERNEL32.dll
 0004:00000044       __imp__SetUnhandledExceptionFilter@4 10035044     kernel32:KERNEL32.dll
 0004:00000048       __imp__UnhandledExceptionFilter@4 10035048     kernel32:KERNEL32.dll
 0004:0000004c       __imp__InitializeSListHead@4 1003504c     kernel32:KERNEL32.dll
 0004:00000050       __imp__DisableThreadLibraryCalls@4 10035050     kernel32:KERNEL32.dll
 0004:00000054       __imp__GetSystemTimeAsFileTime@4 10035054     kernel32:KERNEL32.dll
 0004:00000058       __imp__GetCurrentProcessId@0 10035058     kernel32:KERNEL32.dll
 0004:0000005c       __imp__QueryPerformanceCounter@4 1003505c     kernel32:KERNEL32.dll
 0004:00000060       __imp__WideCharToMultiByte@32 10035060     kernel32:KERNEL32.dll
 0004:00000064       __imp__MultiByteToWideChar@24 10035064     kernel32:KERNEL32.dll
 0004:00000068       __imp__RaiseException@16   10035068     kernel32:KERNEL32.dll
 0004:0000006c       __imp__IsDebuggerPresent@0 1003506c     kernel32:KERNEL32.dll
 0004:00000070       __imp__GetCurrentThreadId@0 10035070     kernel32:KERNEL32.dll
 0004:00000074       __imp__TerminateProcess@8  10035074     kernel32:KERNEL32.dll
 0004:00000078       \177KERNEL32_NULL_THUNK_DATA 10035078     kernel32:KERNEL32.dll
 0004:000000bc       __imp__memchr              100350bc     vcruntimed:VCRUNTIME140D.dll
 0004:000000c0       __imp__memmove             100350c0     vcruntimed:VCRUNTIME140D.dll
 0004:000000c4       __imp____std_type_info_destroy_list 100350c4     vcruntimed:VCRUNTIME140D.dll
 0004:000000c8       __imp____current_exception 100350c8     vcruntimed:VCRUNTIME140D.dll
 0004:000000cc       __imp____current_exception_context 100350cc     vcruntimed:VCRUNTIME140D.dll
 0004:000000d0       __imp___except_handler4_common 100350d0     vcruntimed:VCRUNTIME140D.dll
 0004:000000d4       __imp____vcrt_GetModuleFileNameW 100350d4     vcruntimed:VCRUNTIME140D.dll
 0004:000000d8       __imp____vcrt_GetModuleHandleW 100350d8     vcruntimed:VCRUNTIME140D.dll
 0004:000000dc       __imp____vcrt_LoadLibraryExW 100350dc     vcruntimed:VCRUNTIME140D.dll
 0004:000000e0       __imp__memcpy              100350e0     vcruntimed:VCRUNTIME140D.dll
 0004:000000e4       __imp__memset              100350e4     vcruntimed:VCRUNTIME140D.dll
 0004:000000e8       \177VCRUNTIME140D_NULL_THUNK_DATA 100350e8     vcruntimed:VCRUNTIME140D.dll
 0004:0000011c       __imp__srand               1003511c     ucrtd:ucrtbased.dll
 0004:00000120       __imp__rand                10035120     ucrtd:ucrtbased.dll
 0004:00000124       __imp__strerror            10035124     ucrtd:ucrtbased.dll
 0004:00000128       __imp___CrtDbgReport       10035128     ucrtd:ucrtbased.dll
 0004:0000012c       __imp___CrtDbgReportW      1003512c     ucrtd:ucrtbased.dll
 0004:00000130       __imp___initterm           10035130     ucrtd:ucrtbased.dll
 0004:00000134       __imp___initterm_e         10035134     ucrtd:ucrtbased.dll
 0004:00000138       __imp__strcpy_s            10035138     ucrtd:ucrtbased.dll
 0004:0000013c       __imp__strcat_s            1003513c     ucrtd:ucrtbased.dll
 0004:00000140       __imp____stdio_common_vsprintf_s 10035140     ucrtd:ucrtbased.dll
 0004:00000144       __imp___seh_filter_dll     10035144     ucrtd:ucrtbased.dll
 0004:00000148       __imp___configure_narrow_argv 10035148     ucrtd:ucrtbased.dll
 0004:0000014c       __imp___initialize_narrow_environment 1003514c     ucrtd:ucrtbased.dll
 0004:00000150       __imp___initialize_onexit_table 10035150     ucrtd:ucrtbased.dll
 0004:00000154       __imp___register_onexit_function 10035154     ucrtd:ucrtbased.dll
 0004:00000158       __imp__fwrite              10035158     ucrtd:ucrtbased.dll
 0004:0000015c       __imp___crt_atexit         1003515c     ucrtd:ucrtbased.dll
 0004:00000160       __imp___crt_at_quick_exit  10035160     ucrtd:ucrtbased.dll
 0004:00000164       __imp___cexit              10035164     ucrtd:ucrtbased.dll
 0004:00000168       __imp__terminate           10035168     ucrtd:ucrtbased.dll
 0004:0000016c       __imp___wmakepath_s        1003516c     ucrtd:ucrtbased.dll
 0004:00000170       __imp___wsplitpath_s       10035170     ucrtd:ucrtbased.dll
 0004:00000174       __imp__wcscpy_s            10035174     ucrtd:ucrtbased.dll
 0004:00000178       __imp___ftelli64           10035178     ucrtd:ucrtbased.dll
 0004:0000017c       __imp___errno              1003517c     ucrtd:ucrtbased.dll
 0004:00000180       __imp___open               10035180     ucrtd:ucrtbased.dll
 0004:00000184       __imp___lseeki64           10035184     ucrtd:ucrtbased.dll
 0004:00000188       __imp___wopen              10035188     ucrtd:ucrtbased.dll
 0004:0000018c       __imp__wcstombs            1003518c     ucrtd:ucrtbased.dll
 0004:00000190       __imp__malloc              10035190     ucrtd:ucrtbased.dll
 0004:00000194       __imp__free                10035194     ucrtd:ucrtbased.dll
 0004:00000198       __imp__strlen              10035198     ucrtd:ucrtbased.dll
 0004:0000019c       __imp____stdio_common_vsprintf 1003519c     ucrtd:ucrtbased.dll
 0004:000001a0       __imp__strcmp              100351a0     ucrtd:ucrtbased.dll
 0004:000001a4       __imp__ftell               100351a4     ucrtd:ucrtbased.dll
 0004:000001a8       __imp___fseeki64           100351a8     ucrtd:ucrtbased.dll
 0004:000001ac       __imp__fseek               100351ac     ucrtd:ucrtbased.dll
 0004:000001b0       __imp__fread               100351b0     ucrtd:ucrtbased.dll
 0004:000001b4       __imp__fopen               100351b4     ucrtd:ucrtbased.dll
 0004:000001b8       __imp__ferror              100351b8     ucrtd:ucrtbased.dll
 0004:000001bc       __imp__fclose              100351bc     ucrtd:ucrtbased.dll
 0004:000001c0       __imp___write              100351c0     ucrtd:ucrtbased.dll
 0004:000001c4       __imp___read               100351c4     ucrtd:ucrtbased.dll
 0004:000001c8       __imp___execute_onexit_table 100351c8     ucrtd:ucrtbased.dll
 0004:000001cc       __imp___close              100351cc     ucrtd:ucrtbased.dll
 0004:000001d0       __imp___time64             100351d0     ucrtd:ucrtbased.dll
 0004:000001d4       \177ucrtbased_NULL_THUNK_DATA 100351d4     ucrtd:ucrtbased.dll
 0004:00000224       __IMPORT_DESCRIPTOR_KERNEL32 10035224     kernel32:KERNEL32.dll
 0004:00000238       __IMPORT_DESCRIPTOR_VCRUNTIME140D 10035238     vcruntimed:VCRUNTIME140D.dll
 0004:0000024c       __IMPORT_DESCRIPTOR_ucrtbased 1003524c     ucrtd:ucrtbased.dll
 0004:00000260       __NULL_IMPORT_DESCRIPTOR   10035260     kernel32:KERNEL32.dll
 0006:00000000       ___guard_check_icall_fptr  10037000     MSVCRTD:guard_support.obj
 0006:00000004       ___guard_xfg_check_icall_fptr 10037004     MSVCRTD:guard_support.obj

 entry point at        0001:000004fb

 Static symbols

 0000:fffc6000       .debug$S                   10000000     zlib.exp
 0000:fffca000       __guard_fids___except_handler4 10000000     MSVCRTD:chandler4gs.obj
 0000:fffca000       __guard_fids_?dllmain_dispatch@@YAHQAUHINSTANCE__@@KQAX@Z 10000000     MSVCRTD:dll_dllmain.obj
 0000:fffca000       __guard_fids__             10000000     MSVCRTD:guard_support.obj
 0000:fffca000       __guard_fids__             10000000     MSVCRTD:guard_support.obj
 0000:fffca000       __guard_fids___guard_icall_checks_enforced 10000000     MSVCRTD:guard_support.obj
 0000:fffca000       __guard_fids___CRT_RTC_INIT 10000000     MSVCRTD:init.obj
 0000:fffca000       __guard_fids___CRT_RTC_INITW 10000000     MSVCRTD:init.obj
 0000:fffca000       __guard_fids____scrt_set_unhandled_exception_filter 10000000     MSVCRTD:utility_desktop.obj
 0000:fffc6000       .debug$S                   10000000     vcruntimed:VCRUNTIME140D.dll
 0000:fffc6000       .debug$S                   10000000     vcruntimed:VCRUNTIME140D.dll
 0000:fffc6000       .debug$S                   10000000     vcruntimed:VCRUNTIME140D.dll
 0000:fffc6000       .debug$S                   10000000     vcruntimed:VCRUNTIME140D.dll
 0000:fffc6000       .debug$S                   10000000     vcruntimed:VCRUNTIME140D.dll
 0000:fffc6000       .debug$S                   10000000     vcruntimed:VCRUNTIME140D.dll
 0000:fffc6000       .debug$S                   10000000     vcruntimed:VCRUNTIME140D.dll
 0000:fffc6000       .debug$S                   10000000     vcruntimed:VCRUNTIME140D.dll
 0000:fffc6000       .debug$S                   10000000     vcruntimed:VCRUNTIME140D.dll
 0000:fffc6000       .debug$S                   10000000     vcruntimed:VCRUNTIME140D.dll
 0000:fffc6000       .debug$S                   10000000     vcruntimed:VCRUNTIME140D.dll
 0000:fffc6000       .debug$S                   10000000     ucrtd:ucrtbased.dll
 0000:fffc6000       .debug$S                   10000000     ucrtd:ucrtbased.dll
 0000:fffc6000       .debug$S                   10000000     ucrtd:ucrtbased.dll
 0000:fffc6000       .debug$S                   10000000     ucrtd:ucrtbased.dll
 0000:fffc6000       .debug$S                   10000000     ucrtd:ucrtbased.dll
 0000:fffc6000       .debug$S                   10000000     ucrtd:ucrtbased.dll
 0000:fffc6000       .debug$S                   10000000     ucrtd:ucrtbased.dll
 0000:fffc6000       .debug$S                   10000000     ucrtd:ucrtbased.dll
 0000:fffc6000       .debug$S                   10000000     ucrtd:ucrtbased.dll
 0000:fffc6000       .debug$S                   10000000     ucrtd:ucrtbased.dll
 0000:fffc6000       .debug$S                   10000000     ucrtd:ucrtbased.dll
 0000:fffc6000       .debug$S                   10000000     ucrtd:ucrtbased.dll
 0000:fffc6000       .debug$S                   10000000     ucrtd:ucrtbased.dll
 0000:fffc6000       .debug$S                   10000000     ucrtd:ucrtbased.dll
 0000:fffc6000       .debug$S                   10000000     ucrtd:ucrtbased.dll
 0000:fffc6000       .debug$S                   10000000     ucrtd:ucrtbased.dll
 0000:fffc6000       .debug$S                   10000000     ucrtd:ucrtbased.dll
 0000:fffc6000       .debug$S                   10000000     ucrtd:ucrtbased.dll
 0000:fffc6000       .debug$S                   10000000     ucrtd:ucrtbased.dll
 0000:fffc6000       .debug$S                   10000000     ucrtd:ucrtbased.dll
 0000:fffc6000       .debug$S                   10000000     ucrtd:ucrtbased.dll
 0000:fffc6000       .debug$S                   10000000     ucrtd:ucrtbased.dll
 0000:fffc6000       .debug$S                   10000000     ucrtd:ucrtbased.dll
 0000:fffc6000       .debug$S                   10000000     ucrtd:ucrtbased.dll
 0000:fffc6000       .debug$S                   10000000     ucrtd:ucrtbased.dll
 0000:fffc6000       .debug$S                   10000000     ucrtd:ucrtbased.dll
 0000:fffc6000       .debug$S                   10000000     ucrtd:ucrtbased.dll
 0000:fffc6000       .debug$S                   10000000     ucrtd:ucrtbased.dll
 0000:fffc6000       .debug$S                   10000000     ucrtd:ucrtbased.dll
 0000:fffc6000       .debug$S                   10000000     ucrtd:ucrtbased.dll
 0000:fffc6000       .debug$S                   10000000     ucrtd:ucrtbased.dll
 0000:fffc6000       .debug$S                   10000000     ucrtd:ucrtbased.dll
 0000:fffc6000       .debug$S                   10000000     ucrtd:ucrtbased.dll
 0000:fffc6000       .debug$S                   10000000     ucrtd:ucrtbased.dll
 0000:fffc6000       .debug$S                   10000000     ucrtd:ucrtbased.dll
 0000:fffc6000       .debug$S                   10000000     ucrtd:ucrtbased.dll
 0000:fffc6000       .debug$S                   10000000     ucrtd:ucrtbased.dll
 0000:fffc6000       .debug$S                   10000000     ucrtd:ucrtbased.dll
 0000:fffc6000       .debug$S                   10000000     ucrtd:ucrtbased.dll
 0000:fffc6000       .debug$S                   10000000     ucrtd:ucrtbased.dll
 0000:fffc6000       .debug$S                   10000000     ucrtd:ucrtbased.dll
 0000:fffc6000       .debug$S                   10000000     ucrtd:ucrtbased.dll
 0000:fffc6000       .debug$S                   10000000     ucrtd:ucrtbased.dll
 0000:fffc6000       .debug$S                   10000000     ucrtd:ucrtbased.dll
 0000:fffc6000       .debug$S                   10000000     ucrtd:ucrtbased.dll
 0000:fffc6000       .debug$S                   10000000     ucrtd:ucrtbased.dll
 0000:fffc6000       .debug$S                   10000000     kernel32:KERNEL32.dll
 0000:fffc6000       .debug$S                   10000000     kernel32:KERNEL32.dll
 0000:fffc6000       .debug$S                   10000000     kernel32:KERNEL32.dll
 0000:fffc6000       .debug$S                   10000000     kernel32:KERNEL32.dll
 0000:fffc6000       .debug$S                   10000000     kernel32:KERNEL32.dll
 0000:fffc6000       .debug$S                   10000000     kernel32:KERNEL32.dll
 0000:fffc6000       .debug$S                   10000000     kernel32:KERNEL32.dll
 0000:fffc6000       .debug$S                   10000000     kernel32:KERNEL32.dll
 0000:fffc6000       .debug$S                   10000000     kernel32:KERNEL32.dll
 0000:fffc6000       .debug$S                   10000000     kernel32:KERNEL32.dll
 0000:fffc6000       .debug$S                   10000000     kernel32:KERNEL32.dll
 0000:fffc6000       .debug$S                   10000000     kernel32:KERNEL32.dll
 0000:fffc6000       .debug$S                   10000000     kernel32:KERNEL32.dll
 0000:fffc6000       .debug$S                   10000000     kernel32:KERNEL32.dll
 0000:fffc6000       .debug$S                   10000000     kernel32:KERNEL32.dll
 0000:fffc6000       .debug$S                   10000000     kernel32:KERNEL32.dll
 0000:fffc6000       .debug$S                   10000000     kernel32:KERNEL32.dll
 0000:fffc6000       .debug$S                   10000000     kernel32:KERNEL32.dll
 0000:fffc6000       .debug$S                   10000000     kernel32:KERNEL32.dll
 0000:fffc6000       .debug$S                   10000000     kernel32:KERNEL32.dll
 0000:fffc6000       .debug$S                   10000000     kernel32:KERNEL32.dll
 0000:fffc6000       .debug$S                   10000000     kernel32:KERNEL32.dll
 0000:fffc6000       .debug$S                   10000000     kernel32:KERNEL32.dll
 0000:fffc6000       .debug$S                   10000000     kernel32:KERNEL32.dll
 0000:fffc6000       .debug$S                   10000000     kernel32:KERNEL32.dll
 0000:fffc6000       .debug$S                   10000000     kernel32:KERNEL32.dll
 0000:fffc6000       .debug$S                   10000000     kernel32:KERNEL32.dll
 0000:fffc6000       .debug$S                   10000000     kernel32:KERNEL32.dll
 0000:fffc6000       .debug$S                   10000000     kernel32:KERNEL32.dll
 0000:fffc6000       .debug$S                   10000000     kernel32:KERNEL32.dll
 0001:00001180       _adler32_combine_          10002180 f   adler32.obj
 0001:00001670       $LN19                      10002670     compress.obj
 0001:00001678       $LN18                      10002678     compress.obj
 0001:00001684       $LN17                      10002684     compress.obj
 0001:00001fe0       _multmodp                  10002fe0 f   crc32.obj
 0001:00002080       _x2nmodp                   10003080 f   crc32.obj
 0001:00002120       _byte_swap                 10003120 f   crc32.obj
 0001:00002170       _crc_word                  10003170 f   crc32.obj
 0001:000021d0       _crc_word_big              100031d0 f   crc32.obj
 0001:00004880       _deflateStateCheck         10005880 f   deflate.obj
 0001:00004930       _slide_hash                10005930 f   deflate.obj
 0001:00004a20       _fill_window               10005a20 f   deflate.obj
 0001:00004dc0       _deflate_stored            10005dc0 f   deflate.obj
 0001:00005500       _deflate_fast              10006500 f   deflate.obj
 0001:00005ba0       _deflate_slow              10006ba0 f   deflate.obj
 0001:00006430       _deflate_rle               10007430 f   deflate.obj
 0001:00006a30       _deflate_huff              10007a30 f   deflate.obj
 0001:00006d20       _lm_init                   10007d20 f   deflate.obj
 0001:00006e30       _putShortMSB               10007e30 f   deflate.obj
 0001:00006ea0       _flush_pending             10007ea0 f   deflate.obj
 0001:00006f80       _read_buf                  10007f80 f   deflate.obj
 0001:00007060       _longest_match             10008060 f   deflate.obj
 0001:00009310       _gz_reset                  1000a310 f   gzlib.obj
 0001:000093a0       _gz_open                   1000a3a0 f   gzlib.obj
 0001:00009834       $LN49                      1000a834     gzlib.obj
 0001:00009860       $LN48                      1000a860     gzlib.obj
 0001:0000a294       $LN11                      1000b294     gzread.obj
 0001:0000a29c       $LN10                      1000b29c     gzread.obj
 0001:0000a2a8       $LN9                       1000b2a8     gzread.obj
 0001:0000a690       _gz_load                   1000b690 f   gzread.obj
 0001:0000a790       _gz_avail                  1000b790 f   gzread.obj
 0001:0000a8a4       $LN12                      1000b8a4     gzread.obj
 0001:0000a8ac       $LN11                      1000b8ac     gzread.obj
 0001:0000a8b8       $LN10                      1000b8b8     gzread.obj
 0001:0000a8c0       _gz_look                   1000b8c0 f   gzread.obj
 0001:0000ab70       _gz_decomp                 1000bb70 f   gzread.obj
 0001:0000acd0       _gz_fetch                  1000bcd0 f   gzread.obj
 0001:0000ade0       _gz_skip                   1000bde0 f   gzread.obj
 0001:0000aee0       _gz_read                   1000bee0 f   gzread.obj
 0001:0000b0d0       $LN25                      1000c0d0     gzread.obj
 0001:0000b0d8       $LN24                      1000c0d8     gzread.obj
 0001:0000b0e4       $LN23                      1000c0e4     gzread.obj
 0001:0000baa8       $LN14                      1000caa8     gzwrite.obj
 0001:0000bab0       $LN13                      1000cab0     gzwrite.obj
 0001:0000babc       $LN12                      1000cabc     gzwrite.obj
 0001:0000bef0       _gz_init                   1000cef0 f   gzwrite.obj
 0001:0000c0b0       _gz_comp                   1000d0b0 f   gzwrite.obj
 0001:0000c390       _gz_zero                   1000d390 f   gzwrite.obj
 0001:0000c4c0       _gz_write                  1000d4c0 f   gzwrite.obj
 0001:0000df5c       $LN354                     1000ef5c     infback.obj
 0001:0000df64       $LN353                     1000ef64     infback.obj
 0001:0000df88       $LN352                     1000ef88     infback.obj
 0001:0000df8d       $LN351                     1000ef8d     infback.obj
 0001:0000df92       $LN350                     1000ef92     infback.obj
 0001:0000df98       $LN348                     1000ef98     infback.obj
 0001:0000dfb4       $LN347                     1000efb4     infback.obj
 0001:0000dfc8       $LN349                     1000efc8     infback.obj
 0001:0000e190       _fixedtables               1000f190 f   infback.obj
 0001:000112bc       $LN532                     100122bc     inflate.obj
 0001:000112c4       $LN531                     100122c4     inflate.obj
 0001:000112e8       $LN530                     100122e8     inflate.obj
 0001:000112ed       $LN529                     100122ed     inflate.obj
 0001:000112f2       $LN528                     100122f2     inflate.obj
 0001:000112f8       $LN526                     100122f8     inflate.obj
 0001:00011378       $LN527                     10012378     inflate.obj
 0001:000117f8       $LN13                      100127f8     inflate.obj
 0001:00011800       $LN12                      10012800     inflate.obj
 0001:0001180c       $LN11                      1001280c     inflate.obj
 0001:000121d0       _inflateStateCheck         100131d0 f   inflate.obj
 0001:00012250       _fixedtables               10013250 f   inflate.obj
 0001:00012290       _updatewindow              10013290 f   inflate.obj
 0001:00012450       _syncsearch                10013450 f   inflate.obj
 0001:00013800       $LN70                      10014800     inftrees.obj
 0001:00013808       $LN69                      10014808     inftrees.obj
 0001:0001382c       $LN68                      1001482c     inftrees.obj
 0001:00013831       $LN67                      10014831     inftrees.obj
 0001:00013837       $LN66                      10014837     inftrees.obj
 0001:00013d10       _fopen_file_func           10014d10 f   ioapi.obj
 0001:00013db0       _fread_file_func           10014db0 f   ioapi.obj
 0001:00013e00       _fwrite_file_func          10014e00 f   ioapi.obj
 0001:00013e50       _ftell64_file_func         10014e50 f   ioapi.obj
 0001:00013ea0       _fseek64_file_func         10014ea0 f   ioapi.obj
 0001:00013f50       _fclose_file_func          10014f50 f   ioapi.obj
 0001:00013fa0       _ferror_file_func          10014fa0 f   ioapi.obj
 0001:00013ff0       _fopen64_file_func         10014ff0 f   ioapi.obj
 0001:00014090       _ftell_file_func           10015090 f   ioapi.obj
 0001:000140e0       _fseek_file_func           100150e0 f   ioapi.obj
 0001:000145f0       $LN9                       100155f0     iowin32.obj
 0001:000145f8       $LN8                       100155f8     iowin32.obj
 0001:00014628       $LN7                       10015628     iowin32.obj
 0001:0001463d       $LN6                       1001563d     iowin32.obj
 0001:00014649       $LN5                       10015649     iowin32.obj
 0001:0001465f       $LN4                       1001565f     iowin32.obj
 0001:00014728       $LN9                       10015728     iowin32.obj
 0001:00014730       $LN8                       10015730     iowin32.obj
 0001:0001473c       $LN7                       1001573c     iowin32.obj
 0001:000147f8       $LN9                       100157f8     iowin32.obj
 0001:00014800       $LN8                       10015800     iowin32.obj
 0001:0001480c       $LN7                       1001580c     iowin32.obj
 0001:000148e8       $LN9                       100158e8     iowin32.obj
 0001:000148f0       $LN8                       100158f0     iowin32.obj
 0001:000148fc       $LN7                       100158fc     iowin32.obj
 0001:00014a0c       $LN15                      10015a0c     iowin32.obj
 0001:00014a14       $LN14                      10015a14     iowin32.obj
 0001:00014a20       $LN13                      10015a20     iowin32.obj
 0001:00014af0       _win32_translate_open_mode 10015af0 f   iowin32.obj
 0001:00014b90       _win32_build_iowin         10015b90 f   iowin32.obj
 0001:00014c38       $LN8                       10015c38     iowin32.obj
 0001:00014c40       $LN7                       10015c40     iowin32.obj
 0001:00014c4c       $LN6                       10015c4c     iowin32.obj
 0001:00014d10       $LN9                       10015d10     iowin32.obj
 0001:00014d18       $LN8                       10015d18     iowin32.obj
 0001:00014d48       $LN7                       10015d48     iowin32.obj
 0001:00014d5d       $LN6                       10015d5d     iowin32.obj
 0001:00014d69       $LN5                       10015d69     iowin32.obj
 0001:00014d7f       $LN4                       10015d7f     iowin32.obj
 0001:00014e40       $LN9                       10015e40     iowin32.obj
 0001:00014e48       $LN8                       10015e48     iowin32.obj
 0001:00014e78       $LN7                       10015e78     iowin32.obj
 0001:00014e8d       $LN6                       10015e8d     iowin32.obj
 0001:00014e99       $LN5                       10015e99     iowin32.obj
 0001:00014eaf       $LN4                       10015eaf     iowin32.obj
 0001:00014f70       $LN9                       10015f70     iowin32.obj
 0001:00014f78       $LN8                       10015f78     iowin32.obj
 0001:00014fa8       $LN7                       10015fa8     iowin32.obj
 0001:00014fbd       $LN6                       10015fbd     iowin32.obj
 0001:00014fc9       $LN5                       10015fc9     iowin32.obj
 0001:00014fdf       $LN4                       10015fdf     iowin32.obj
 0001:00014ff0       _MySetFilePointerEx        10015ff0 f   iowin32.obj
 0001:000150a4       $LN8                       100160a4     iowin32.obj
 0001:000150ac       $LN7                       100160ac     iowin32.obj
 0001:000150b8       $LN6                       100160b8     iowin32.obj
 0001:00015180       $LN9                       10016180     iowin32.obj
 0001:00015188       $LN8                       10016188     iowin32.obj
 0001:00015194       $LN7                       10016194     iowin32.obj
 0001:000152ac       $LN15                      100162ac     iowin32.obj
 0001:000152b4       $LN14                      100162b4     iowin32.obj
 0001:000152c0       $LN13                      100162c0     iowin32.obj
 0001:000161d0       _tr_static_init            100171d0 f   trees.obj
 0001:000161f0       _init_block                100171f0 f   trees.obj
 0001:000162e0       _pqdownheap                100172e0 f   trees.obj
 0001:00016490       _gen_bitlen                10017490 f   trees.obj
 0001:000167d0       _gen_codes                 100177d0 f   trees.obj
 0001:000168c0       $LN12                      100178c0     trees.obj
 0001:000168c8       $LN11                      100178c8     trees.obj
 0001:000168d4       $LN10                      100178d4     trees.obj
 0001:000168e0       _build_tree                100178e0 f   trees.obj
 0001:00016cd0       _scan_tree                 10017cd0 f   trees.obj
 0001:00016ee0       _send_tree                 10017ee0 f   trees.obj
 0001:000179e0       _build_bl_tree             100189e0 f   trees.obj
 0001:00017ab0       _send_all_trees            10018ab0 f   trees.obj
 0001:00017fe0       _compress_block            10018fe0 f   trees.obj
 0001:00018830       _detect_data_type          10019830 f   trees.obj
 0001:00018930       _bi_reverse                10019930 f   trees.obj
 0001:00018990       _bi_windup                 10019990 f   trees.obj
 0001:00018a60       _bi_flush                  10019a60 f   trees.obj
 0001:00019a80       $LN27                      1001aa80     uncompr.obj
 0001:00019a88       $LN26                      1001aa88     uncompr.obj
 0001:00019aa0       $LN25                      1001aaa0     uncompr.obj
 0001:00019aa4       $LN24                      1001aaa4     uncompr.obj
 0001:00019c70       $LN7                       1001ac70     unzip.obj
 0001:00019c78       $LN6                       1001ac78     unzip.obj
 0001:00019c84       $LN5                       1001ac84     unzip.obj
 0001:00019d2c       $LN7                       1001ad2c     unzip.obj
 0001:00019d34       $LN6                       1001ad34     unzip.obj
 0001:00019d40       $LN5                       1001ad40     unzip.obj
 0001:0001a388       $LN14                      1001b388     unzip.obj
 0001:0001a390       $LN13                      1001b390     unzip.obj
 0001:0001a3b4       $LN12                      1001b3b4     unzip.obj
 0001:0001a3c6       $LN11                      1001b3c6     unzip.obj
 0001:0001a3e2       $LN10                      1001b3e2     unzip.obj
 0001:0001a478       $LN6                       1001b478     unzip.obj
 0001:0001a480       $LN5                       1001b480     unzip.obj
 0001:0001a48c       $LN4                       1001b48c     unzip.obj
 0001:0001a520       $LN6                       1001b520     unzip.obj
 0001:0001a528       $LN5                       1001b528     unzip.obj
 0001:0001a534       $LN4                       1001b534     unzip.obj
 0001:0001a81c       $LN6                       1001b81c     unzip.obj
 0001:0001a824       $LN5                       1001b824     unzip.obj
 0001:0001a830       $LN4                       1001b830     unzip.obj
 0001:0001ad14       $LN29                      1001bd14     unzip.obj
 0001:0001ad1c       $LN28                      1001bd1c     unzip.obj
 0001:0001ad40       $LN27                      1001bd40     unzip.obj
 0001:0001ad56       $LN26                      1001bd56     unzip.obj
 0001:0001ad6e       $LN25                      1001bd6e     unzip.obj
 0001:0001b890       _unz64local_getByte        1001c890 f   unzip.obj
 0001:0001b93c       $LN9                       1001c93c     unzip.obj
 0001:0001b944       $LN8                       1001c944     unzip.obj
 0001:0001b950       $LN7                       1001c950     unzip.obj
 0001:0001b960       _unz64local_getShort       1001c960 f   unzip.obj
 0001:0001ba0c       $LN8                       1001ca0c     unzip.obj
 0001:0001ba14       $LN7                       1001ca14     unzip.obj
 0001:0001ba20       $LN6                       1001ca20     unzip.obj
 0001:0001ba30       _unz64local_getLong        1001ca30 f   unzip.obj
 0001:0001bb30       $LN10                      1001cb30     unzip.obj
 0001:0001bb38       $LN9                       1001cb38     unzip.obj
 0001:0001bb44       $LN8                       1001cb44     unzip.obj
 0001:0001bb50       _unz64local_getLong64      1001cb50 f   unzip.obj
 0001:0001bd50       $LN14                      1001cd50     unzip.obj
 0001:0001bd58       $LN13                      1001cd58     unzip.obj
 0001:0001bd64       $LN12                      1001cd64     unzip.obj
 0001:0001bd70       _strcmpcasenosensitive_internal 1001cd70 f   unzip.obj
 0001:0001be60       _unz64local_SearchCentralDir 1001ce60 f   unzip.obj
 0001:0001c0f0       _unz64local_SearchCentralDir64 1001d0f0 f   unzip.obj
 0001:0001c4b0       $LN40                      1001d4b0     unzip.obj
 0001:0001c4b8       $LN39                      1001d4b8     unzip.obj
 0001:0001c4d0       $LN38                      1001d4d0     unzip.obj
 0001:0001c4df       $LN37                      1001d4df     unzip.obj
 0001:0001c4f0       _unzOpenInternal           1001d4f0 f   unzip.obj
 0001:0001cb94       $LN46                      1001db94     unzip.obj
 0001:0001cb9c       $LN45                      1001db9c     unzip.obj
 0001:0001cbf0       $LN44                      1001dbf0     unzip.obj
 0001:0001cbf5       $LN43                      1001dbf5     unzip.obj
 0001:0001cbf8       $LN42                      1001dbf8     unzip.obj
 0001:0001cc08       $LN41                      1001dc08     unzip.obj
 0001:0001cc1c       $LN40                      1001dc1c     unzip.obj
 0001:0001cc28       $LN39                      1001dc28     unzip.obj
 0001:0001cc2b       $LN38                      1001dc2b     unzip.obj
 0001:0001cc30       _unz64local_DosDateToTmuDate 1001dc30 f   unzip.obj
 0001:0001cd30       _unz64local_GetCurrentFileInfoInternal 1001dd30 f   unzip.obj
 0001:0001d4e4       $LN77                      1001e4e4     unzip.obj
 0001:0001d4ec       $LN76                      1001e4ec     unzip.obj
 0001:0001d540       $LN75                      1001e540     unzip.obj
 0001:0001d543       $LN74                      1001e543     unzip.obj
 0001:0001d54c       $LN73                      1001e54c     unzip.obj
 0001:0001d555       $LN72                      1001e555     unzip.obj
 0001:0001d558       $LN71                      1001e558     unzip.obj
 0001:0001d55f       $LN70                      1001e55f     unzip.obj
 0001:0001d572       $LN69                      1001e572     unzip.obj
 0001:0001d580       _unz64local_CheckCurrentFileCoherencyHeader 1001e580 f   unzip.obj
 0001:0001d8fc       $LN36                      1001e8fc     unzip.obj
 0001:0001d904       $LN35                      1001e904     unzip.obj
 0001:0001d940       $LN34                      1001e940     unzip.obj
 0001:0001d951       $LN33                      1001e951     unzip.obj
 0001:0001d95f       $LN32                      1001e95f     unzip.obj
 0001:0001d966       $LN31                      1001e966     unzip.obj
 0001:0001d96c       $LN30                      1001e96c     unzip.obj
 0001:0001e900       _time                      1001f900 f   zip.obj
 0001:0001ea14       $LN7                       1001fa14     zip.obj
 0001:0001ea1c       $LN6                       1001fa1c     zip.obj
 0001:0001ea28       $LN5                       1001fa28     zip.obj
 0001:0001eae4       $LN7                       1001fae4     zip.obj
 0001:0001eaec       $LN6                       1001faec     zip.obj
 0001:0001eaf8       $LN5                       1001faf8     zip.obj
 0001:0001ed60       $LN18                      1001fd60     zip.obj
 0001:0001ed68       $LN17                      1001fd68     zip.obj
 0001:0001ed74       $LN16                      1001fd74     zip.obj
 0001:0001f7dc       $LN47                      100207dc     zip.obj
 0001:0001f7e4       $LN46                      100207e4     zip.obj
 0001:0001f7f0       $LN45                      100207f0     zip.obj
 0001:000205a0       _decrypt_byte              100215a0 f   zip.obj
 0001:000205f0       _update_keys               100215f0 f   zip.obj
 0001:00020690       _init_keys                 10021690 f   zip.obj
 0001:000206f0       _crypthead                 100216f0 f   zip.obj
 0001:00020918       $LN13                      10021918     zip.obj
 0001:00020920       $LN12                      10021920     zip.obj
 0001:0002092c       $LN11                      1002192c     zip.obj
 0001:00020940       _allocate_new_datablock    10021940 f   zip.obj
 0001:000209b0       _free_datablock            100219b0 f   zip.obj
 0001:00020a10       _init_linkedlist           10021a10 f   zip.obj
 0001:00020a40       _free_linkedlist           10021a40 f   zip.obj
 0001:00020a80       _add_data_in_datablock     10021a80 f   zip.obj
 0001:00020be0       _zip64local_putValue       10021be0 f   zip.obj
 0001:00020cc8       $LN14                      10021cc8     zip.obj
 0001:00020cd0       $LN13                      10021cd0     zip.obj
 0001:00020cdc       $LN12                      10021cdc     zip.obj
 0001:00020ce0       _zip64local_putValue_inmemory 10021ce0 f   zip.obj
 0001:00020d80       _zip64local_TmzDateToDosDate 10021d80 f   zip.obj
 0001:00020e10       _zip64local_getByte        10021e10 f   zip.obj
 0001:00020ebc       $LN9                       10021ebc     zip.obj
 0001:00020ec4       $LN8                       10021ec4     zip.obj
 0001:00020ed0       $LN7                       10021ed0     zip.obj
 0001:00020ee0       _zip64local_getShort       10021ee0 f   zip.obj
 0001:00020f8c       $LN8                       10021f8c     zip.obj
 0001:00020f94       $LN7                       10021f94     zip.obj
 0001:00020fa0       $LN6                       10021fa0     zip.obj
 0001:00020fb0       _zip64local_getLong        10021fb0 f   zip.obj
 0001:000210b0       $LN10                      100220b0     zip.obj
 0001:000210b8       $LN9                       100220b8     zip.obj
 0001:000210c4       $LN8                       100220c4     zip.obj
 0001:000210d0       _zip64local_getLong64      100220d0 f   zip.obj
 0001:000212d0       $LN14                      100222d0     zip.obj
 0001:000212d8       $LN13                      100222d8     zip.obj
 0001:000212e4       $LN12                      100222e4     zip.obj
 0001:000212f0       _zip64local_SearchCentralDir 100222f0 f   zip.obj
 0001:00021580       _zip64local_SearchCentralDir64 10022580 f   zip.obj
 0001:00021940       $LN40                      10022940     zip.obj
 0001:00021948       $LN39                      10022948     zip.obj
 0001:00021960       $LN38                      10022960     zip.obj
 0001:0002196f       $LN37                      1002296f     zip.obj
 0001:00021980       _LoadCentralDirectoryRecord 10022980 f   zip.obj
 0001:000220c4       $LN65                      100230c4     zip.obj
 0001:000220cc       $LN64                      100230cc     zip.obj
 0001:00022150       $LN63                      10023150     zip.obj
 0001:0002216a       $LN62                      1002316a     zip.obj
 0001:00022177       $LN61                      10023177     zip.obj
 0001:00022185       $LN60                      10023185     zip.obj
 0001:00022193       $LN59                      10023193     zip.obj
 0001:000221a3       $LN58                      100231a3     zip.obj
 0001:000221b0       $LN57                      100231b0     zip.obj
 0001:000221c4       $LN56                      100231c4     zip.obj
 0001:000221d0       $LN55                      100231d0     zip.obj
 0001:000221d3       $LN54                      100231d3     zip.obj
 0001:000221e6       $LN53                      100231e6     zip.obj
 0001:00022200       _Write_LocalFileHeader     10023200 f   zip.obj
 0001:000225c0       _zip64FlushWriteBuffer     100235c0 f   zip.obj
 0001:00022740       _Write_Zip64EndOfCentralDirectoryLocator 10023740 f   zip.obj
 0001:00022830       _Write_Zip64EndOfCentralDirectoryRecord 10023830 f   zip.obj
[...]
 0005:00000006       __8ABF54F4_processthreadsapi@h 10036006     adler32.obj
 0005:00000007       __369DBA4C_memoryapi@h     10036007     adler32.obj
 0005:00000008       __A8C6672F_winerror@h      10036008     adler32.obj
 0005:00000009       __6BD3506C_winbase@h       10036009     adler32.obj
 0005:0000000a       __62733496_winioctl@h      1003600a     adler32.obj
 0005:0000000b       __DD9DD587_stralign@h      1003600b     adler32.obj
 0005:0000000c       __6CCE7D02_adler32@c       1003600c     adler32.obj
 0005:0000000f       __6AECDA3E_ctype@h         1003600f     compress.obj
 0005:00000010       __201B1099_basetsd@h       10036010     compress.obj
 0005:00000011       __184F7456_corecrt_memcpy_s@h 10036011     compress.obj
 0005:00000012       __5B29309E_corecrt_wstring@h 10036012     compress.obj
 0005:00000013       __F787F5CD_string@h        10036013     compress.obj
 0005:00000014       __9DA2B69E_winnt@h         10036014     compress.obj
 0005:00000015       __8ABF54F4_processthreadsapi@h 10036015     compress.obj
 0005:00000016       __369DBA4C_memoryapi@h     10036016     compress.obj
 0005:00000017       __A8C6672F_winerror@h      10036017     compress.obj
 0005:00000018       __6BD3506C_winbase@h       10036018     compress.obj
 0005:00000019       __62733496_winioctl@h      10036019     compress.obj
 0005:0000001a       __DD9DD587_stralign@h      1003601a     compress.obj
 0005:0000001b       __F07DEB3C_compress@c      1003601b     compress.obj
 0005:0000001e       __6AECDA3E_ctype@h         1003601e     crc32.obj
 0005:0000001f       __201B1099_basetsd@h       1003601f     crc32.obj
 0005:00000020       __184F7456_corecrt_memcpy_s@h 10036020     crc32.obj
 0005:00000021       __5B29309E_corecrt_wstring@h 10036021     crc32.obj
 0005:00000022       __F787F5CD_string@h        10036022     crc32.obj
 0005:00000023       __9DA2B69E_winnt@h         10036023     crc32.obj
 0005:00000024       __8ABF54F4_processthreadsapi@h 10036024     crc32.obj
 0005:00000025       __369DBA4C_memoryapi@h     10036025     crc32.obj
 0005:00000026       __A8C6672F_winerror@h      10036026     crc32.obj
 0005:00000027       __6BD3506C_winbase@h       10036027     crc32.obj
 0005:00000028       __62733496_winioctl@h      10036028     crc32.obj
 0005:00000029       __DD9DD587_stralign@h      10036029     crc32.obj
 0005:0000002a       __820200A2_crc32@c         1003602a     crc32.obj
 0005:0000002d       __6AECDA3E_ctype@h         1003602d     deflate.obj
 0005:0000002e       __201B1099_basetsd@h       1003602e     deflate.obj
 0005:0000002f       __184F7456_corecrt_memcpy_s@h 1003602f     deflate.obj
 0005:00000030       __5B29309E_corecrt_wstring@h 10036030     deflate.obj
 0005:00000031       __F787F5CD_string@h        10036031     deflate.obj
 0005:00000032       __9DA2B69E_winnt@h         10036032     deflate.obj
 0005:00000033       __8ABF54F4_processthreadsapi@h 10036033     deflate.obj
 0005:00000034       __369DBA4C_memoryapi@h     10036034     deflate.obj
 0005:00000035       __A8C6672F_winerror@h      10036035     deflate.obj
 0005:00000036       __6BD3506C_winbase@h       10036036     deflate.obj
 0005:00000037       __62733496_winioctl@h      10036037     deflate.obj
 0005:00000038       __DD9DD587_stralign@h      10036038     deflate.obj
 0005:00000039       __21FC83B6_deflate@c       10036039     deflate.obj
 0005:0000003c       __C44F8F6B_corecrt_stdio_config@h 1003603c     gzclose.obj
 0005:0000003d       __A7F89B2B_corecrt_wstdio@h 1003603d     gzclose.obj
 0005:0000003e       __B5C48800_stdio@h         1003603e     gzclose.obj
 0005:0000003f       __6AECDA3E_ctype@h         1003603f     gzclose.obj
 0005:00000040       __201B1099_basetsd@h       10036040     gzclose.obj
 0005:00000041       __184F7456_corecrt_memcpy_s@h 10036041     gzclose.obj
 0005:00000042       __5B29309E_corecrt_wstring@h 10036042     gzclose.obj
 0005:00000043       __F787F5CD_string@h        10036043     gzclose.obj
 0005:00000044       __9DA2B69E_winnt@h         10036044     gzclose.obj
 0005:00000045       __8ABF54F4_processthreadsapi@h 10036045     gzclose.obj
 0005:00000046       __369DBA4C_memoryapi@h     10036046     gzclose.obj
 0005:00000047       __A8C6672F_winerror@h      10036047     gzclose.obj
 0005:00000048       __6BD3506C_winbase@h       10036048     gzclose.obj
 0005:00000049       __62733496_winioctl@h      10036049     gzclose.obj
 0005:0000004a       __DD9DD587_stralign@h      1003604a     gzclose.obj
 0005:0000004b       __CD35358B_gzclose@c       1003604b     gzclose.obj
 0005:0000004f       __C44F8F6B_corecrt_stdio_config@h 1003604f     gzlib.obj
 0005:00000050       __A7F89B2B_corecrt_wstdio@h 10036050     gzlib.obj
 0005:00000051       __B5C48800_stdio@h         10036051     gzlib.obj
 0005:00000052       __6AECDA3E_ctype@h         10036052     gzlib.obj
 0005:00000053       __201B1099_basetsd@h       10036053     gzlib.obj
 0005:00000054       __184F7456_corecrt_memcpy_s@h 10036054     gzlib.obj
 0005:00000055       __5B29309E_corecrt_wstring@h 10036055     gzlib.obj
 0005:00000056       __F787F5CD_string@h        10036056     gzlib.obj
 0005:00000057       __9DA2B69E_winnt@h         10036057     gzlib.obj
 0005:00000058       __8ABF54F4_processthreadsapi@h 10036058     gzlib.obj
 0005:00000059       __369DBA4C_memoryapi@h     10036059     gzlib.obj
 0005:0000005a       __A8C6672F_winerror@h      1003605a     gzlib.obj
 0005:0000005b       __6BD3506C_winbase@h       1003605b     gzlib.obj
 0005:0000005c       __62733496_winioctl@h      1003605c     gzlib.obj
 0005:0000005d       __DD9DD587_stralign@h      1003605d     gzlib.obj
 0005:0000005e       __D042F07B_gzlib@c         1003605e     gzlib.obj
 0005:00000062       __C44F8F6B_corecrt_stdio_config@h 10036062     gzread.obj
 0005:00000063       __A7F89B2B_corecrt_wstdio@h 10036063     gzread.obj
 0005:00000064       __B5C48800_stdio@h         10036064     gzread.obj
 0005:00000065       __6AECDA3E_ctype@h         10036065     gzread.obj
 0005:00000066       __201B1099_basetsd@h       10036066     gzread.obj
 0005:00000067       __184F7456_corecrt_memcpy_s@h 10036067     gzread.obj
 0005:00000068       __5B29309E_corecrt_wstring@h 10036068     gzread.obj
 0005:00000069       __F787F5CD_string@h        10036069     gzread.obj
 0005:0000006a       __9DA2B69E_winnt@h         1003606a     gzread.obj
 0005:0000006b       __8ABF54F4_processthreadsapi@h 1003606b     gzread.obj
 0005:0000006c       __369DBA4C_memoryapi@h     1003606c     gzread.obj
 0005:0000006d       __A8C6672F_winerror@h      1003606d     gzread.obj
 0005:0000006e       __6BD3506C_winbase@h       1003606e     gzread.obj
 0005:0000006f       __62733496_winioctl@h      1003606f     gzread.obj
 0005:00000070       __DD9DD587_stralign@h      10036070     gzread.obj
 0005:00000071       __C5FFC2FC_gzread@c        10036071     gzread.obj
 0005:00000075       __C44F8F6B_corecrt_stdio_config@h 10036075     gzwrite.obj
 0005:00000076       __A7F89B2B_corecrt_wstdio@h 10036076     gzwrite.obj
 0005:00000077       __B5C48800_stdio@h         10036077     gzwrite.obj
 0005:00000078       __6AECDA3E_ctype@h         10036078     gzwrite.obj
 0005:00000079       __201B1099_basetsd@h       10036079     gzwrite.obj
 0005:0000007a       __184F7456_corecrt_memcpy_s@h 1003607a     gzwrite.obj
 0005:0000007b       __5B29309E_corecrt_wstring@h 1003607b     gzwrite.obj
 0005:0000007c       __F787F5CD_string@h        1003607c     gzwrite.obj
 0005:0000007d       __9DA2B69E_winnt@h         1003607d     gzwrite.obj
 0005:0000007e       __8ABF54F4_processthreadsapi@h 1003607e     gzwrite.obj
 0005:0000007f       __369DBA4C_memoryapi@h     1003607f     gzwrite.obj
 0005:00000080       __A8C6672F_winerror@h      10036080     gzwrite.obj
 0005:00000081       __6BD3506C_winbase@h       10036081     gzwrite.obj
 0005:00000082       __62733496_winioctl@h      10036082     gzwrite.obj
 0005:00000083       __DD9DD587_stralign@h      10036083     gzwrite.obj
 0005:00000084       __75EF23A4_gzwrite@c       10036084     gzwrite.obj
 0005:00000088       __6AECDA3E_ctype@h         10036088     infback.obj
 0005:00000089       __201B1099_basetsd@h       10036089     infback.obj
 0005:0000008a       __184F7456_corecrt_memcpy_s@h 1003608a     infback.obj
 0005:0000008b       __5B29309E_corecrt_wstring@h 1003608b     infback.obj
 0005:0000008c       __F787F5CD_string@h        1003608c     infback.obj
 0005:0000008d       __9DA2B69E_winnt@h         1003608d     infback.obj
 0005:0000008e       __8ABF54F4_processthreadsapi@h 1003608e     infback.obj
 0005:0000008f       __369DBA4C_memoryapi@h     1003608f     infback.obj
 0005:00000090       __A8C6672F_winerror@h      10036090     infback.obj
 0005:00000091       __6BD3506C_winbase@h       10036091     infback.obj
 0005:00000092       __62733496_winioctl@h      10036092     infback.obj
 0005:00000093       __DD9DD587_stralign@h      10036093     infback.obj
 0005:00000094       __A3E81F41_inffixed@h      10036094     infback.obj
 0005:00000095       __70835BEB_infback@c       10036095     infback.obj
 0005:00000098       __6AECDA3E_ctype@h         10036098     inffast.obj
 0005:00000099       __201B1099_basetsd@h       10036099     inffast.obj
 0005:0000009a       __184F7456_corecrt_memcpy_s@h 1003609a     inffast.obj
 0005:0000009b       __5B29309E_corecrt_wstring@h 1003609b     inffast.obj
 0005:0000009c       __F787F5CD_string@h        1003609c     inffast.obj
 0005:0000009d       __9DA2B69E_winnt@h         1003609d     inffast.obj
 0005:0000009e       __8ABF54F4_processthreadsapi@h 1003609e     inffast.obj
 0005:0000009f       __369DBA4C_memoryapi@h     1003609f     inffast.obj
 0005:000000a0       __A8C6672F_winerror@h      100360a0     inffast.obj
 0005:000000a1       __6BD3506C_winbase@h       100360a1     inffast.obj
 0005:000000a2       __62733496_winioctl@h      100360a2     inffast.obj
 0005:000000a3       __DD9DD587_stralign@h      100360a3     inffast.obj
 0005:000000a4       __AC71AA2F_inffast@c       100360a4     inffast.obj
 0005:000000a7       __6AECDA3E_ctype@h         100360a7     inflate.obj
 0005:000000a8       __201B1099_basetsd@h       100360a8     inflate.obj
 0005:000000a9       __184F7456_corecrt_memcpy_s@h 100360a9     inflate.obj
 0005:000000aa       __5B29309E_corecrt_wstring@h 100360aa     inflate.obj
 0005:000000ab       __F787F5CD_string@h        100360ab     inflate.obj
 0005:000000ac       __9DA2B69E_winnt@h         100360ac     inflate.obj
 0005:000000ad       __8ABF54F4_processthreadsapi@h 100360ad     inflate.obj
 0005:000000ae       __369DBA4C_memoryapi@h     100360ae     inflate.obj
 0005:000000af       __A8C6672F_winerror@h      100360af     inflate.obj
 0005:000000b0       __6BD3506C_winbase@h       100360b0     inflate.obj
 0005:000000b1       __62733496_winioctl@h      100360b1     inflate.obj
 0005:000000b2       __DD9DD587_stralign@h      100360b2     inflate.obj
 0005:000000b3       __A3E81F41_inffixed@h      100360b3     inflate.obj
 0005:000000b4       __8DD978B7_inflate@c       100360b4     inflate.obj
 0005:000000b7       __6AECDA3E_ctype@h         100360b7     inftrees.obj
 0005:000000b8       __201B1099_basetsd@h       100360b8     inftrees.obj
 0005:000000b9       __184F7456_corecrt_memcpy_s@h 100360b9     inftrees.obj
 0005:000000ba       __5B29309E_corecrt_wstring@h 100360ba     inftrees.obj
 0005:000000bb       __F787F5CD_string@h        100360bb     inftrees.obj
 0005:000000bc       __9DA2B69E_winnt@h         100360bc     inftrees.obj
 0005:000000bd       __8ABF54F4_processthreadsapi@h 100360bd     inftrees.obj
 0005:000000be       __369DBA4C_memoryapi@h     100360be     inftrees.obj
 0005:000000bf       __A8C6672F_winerror@h      100360bf     inftrees.obj
 0005:000000c0       __6BD3506C_winbase@h       100360c0     inftrees.obj
 0005:000000c1       __62733496_winioctl@h      100360c1     inftrees.obj
 0005:000000c2       __DD9DD587_stralign@h      100360c2     inftrees.obj
 0005:000000c3       __2C735FB0_inftrees@c      100360c3     inftrees.obj
 0005:000000c6       __C44F8F6B_corecrt_stdio_config@h 100360c6     ioapi.obj
 0005:000000c7       __A7F89B2B_corecrt_wstdio@h 100360c7     ioapi.obj
 0005:000000c8       __B5C48800_stdio@h         100360c8     ioapi.obj
 0005:000000c9       __6AECDA3E_ctype@h         100360c9     ioapi.obj
 0005:000000ca       __201B1099_basetsd@h       100360ca     ioapi.obj
 0005:000000cb       __184F7456_corecrt_memcpy_s@h 100360cb     ioapi.obj
 0005:000000cc       __5B29309E_corecrt_wstring@h 100360cc     ioapi.obj
 0005:000000cd       __F787F5CD_string@h        100360cd     ioapi.obj
 0005:000000ce       __9DA2B69E_winnt@h         100360ce     ioapi.obj
 0005:000000cf       __8ABF54F4_processthreadsapi@h 100360cf     ioapi.obj
 0005:000000d0       __369DBA4C_memoryapi@h     100360d0     ioapi.obj
 0005:000000d1       __A8C6672F_winerror@h      100360d1     ioapi.obj
 0005:000000d2       __6BD3506C_winbase@h       100360d2     ioapi.obj
 0005:000000d3       __62733496_winioctl@h      100360d3     ioapi.obj
 0005:000000d4       __DD9DD587_stralign@h      100360d4     ioapi.obj
 0005:000000d5       __9A47F656_ioapi@c         100360d5     ioapi.obj
 0005:000000d9       __6AECDA3E_ctype@h         100360d9     iowin32.obj
 0005:000000da       __201B1099_basetsd@h       100360da     iowin32.obj
 0005:000000db       __184F7456_corecrt_memcpy_s@h 100360db     iowin32.obj
 0005:000000dc       __5B29309E_corecrt_wstring@h 100360dc     iowin32.obj
 0005:000000dd       __F787F5CD_string@h        100360dd     iowin32.obj
 0005:000000de       __9DA2B69E_winnt@h         100360de     iowin32.obj
 0005:000000df       __8ABF54F4_processthreadsapi@h 100360df     iowin32.obj
 0005:000000e0       __369DBA4C_memoryapi@h     100360e0     iowin32.obj
 0005:000000e1       __A8C6672F_winerror@h      100360e1     iowin32.obj
 0005:000000e2       __6BD3506C_winbase@h       100360e2     iowin32.obj
 0005:000000e3       __62733496_winioctl@h      100360e3     iowin32.obj
 0005:000000e4       __DD9DD587_stralign@h      100360e4     iowin32.obj
 0005:000000e5       __C44F8F6B_corecrt_stdio_config@h 100360e5     iowin32.obj
 0005:000000e6       __A7F89B2B_corecrt_wstdio@h 100360e6     iowin32.obj
 0005:000000e7       __B5C48800_stdio@h         100360e7     iowin32.obj
 0005:000000e8       __3A79E300_iowin32@c       100360e8     iowin32.obj
 0005:000000ec       __6AECDA3E_ctype@h         100360ec     trees.obj
 0005:000000ed       __201B1099_basetsd@h       100360ed     trees.obj
 0005:000000ee       __184F7456_corecrt_memcpy_s@h 100360ee     trees.obj
 0005:000000ef       __5B29309E_corecrt_wstring@h 100360ef     trees.obj
 0005:000000f0       __F787F5CD_string@h        100360f0     trees.obj
 0005:000000f1       __9DA2B69E_winnt@h         100360f1     trees.obj
 0005:000000f2       __8ABF54F4_processthreadsapi@h 100360f2     trees.obj
 0005:000000f3       __369DBA4C_memoryapi@h     100360f3     trees.obj
 0005:000000f4       __A8C6672F_winerror@h      100360f4     trees.obj
 0005:000000f5       __6BD3506C_winbase@h       100360f5     trees.obj
 0005:000000f6       __62733496_winioctl@h      100360f6     trees.obj
 0005:000000f7       __DD9DD587_stralign@h      100360f7     trees.obj
 0005:000000f8       __3005E0CB_trees@c         100360f8     trees.obj
 0005:000000fb       __6AECDA3E_ctype@h         100360fb     uncompr.obj
 0005:000000fc       __201B1099_basetsd@h       100360fc     uncompr.obj
 0005:000000fd       __184F7456_corecrt_memcpy_s@h 100360fd     uncompr.obj
 0005:000000fe       __5B29309E_corecrt_wstring@h 100360fe     uncompr.obj
 0005:000000ff       __F787F5CD_string@h        100360ff     uncompr.obj
 0005:00000100       __9DA2B69E_winnt@h         10036100     uncompr.obj
 0005:00000101       __8ABF54F4_processthreadsapi@h 10036101     uncompr.obj
 0005:00000102       __369DBA4C_memoryapi@h     10036102     uncompr.obj
 0005:00000103       __A8C6672F_winerror@h      10036103     uncompr.obj
 0005:00000104       __6BD3506C_winbase@h       10036104     uncompr.obj
 0005:00000105       __62733496_winioctl@h      10036105     uncompr.obj
 0005:00000106       __DD9DD587_stralign@h      10036106     uncompr.obj
 0005:00000107       __407A5B78_uncompr@c       10036107     uncompr.obj
 0005:0000010a       __C44F8F6B_corecrt_stdio_config@h 1003610a     unzip.obj
 0005:0000010b       __A7F89B2B_corecrt_wstdio@h 1003610b     unzip.obj
 0005:0000010c       __B5C48800_stdio@h         1003610c     unzip.obj
 0005:0000010d       __184F7456_corecrt_memcpy_s@h 1003610d     unzip.obj
 0005:0000010e       __5B29309E_corecrt_wstring@h 1003610e     unzip.obj
 0005:0000010f       __F787F5CD_string@h        1003610f     unzip.obj
 0005:00000110       __6AECDA3E_ctype@h         10036110     unzip.obj
 0005:00000111       __201B1099_basetsd@h       10036111     unzip.obj
 0005:00000112       __9DA2B69E_winnt@h         10036112     unzip.obj
 0005:00000113       __8ABF54F4_processthreadsapi@h 10036113     unzip.obj
 0005:00000114       __369DBA4C_memoryapi@h     10036114     unzip.obj
 0005:00000115       __A8C6672F_winerror@h      10036115     unzip.obj
 0005:00000116       __6BD3506C_winbase@h       10036116     unzip.obj
 0005:00000117       __62733496_winioctl@h      10036117     unzip.obj
 0005:00000118       __DD9DD587_stralign@h      10036118     unzip.obj
 0005:00000119       __D8B3F530_unzip@c         10036119     unzip.obj
 0005:0000011d       __C44F8F6B_corecrt_stdio_config@h 1003611d     zip.obj
 0005:0000011e       __A7F89B2B_corecrt_wstdio@h 1003611e     zip.obj
 0005:0000011f       __B5C48800_stdio@h         1003611f     zip.obj
 0005:00000120       __184F7456_corecrt_memcpy_s@h 10036120     zip.obj
 0005:00000121       __5B29309E_corecrt_wstring@h 10036121     zip.obj
 0005:00000122       __F787F5CD_string@h        10036122     zip.obj
 0005:00000123       __18070508_corecrt_wtime@h 10036123     zip.obj
 0005:00000124       __93FD7E51_time@h          10036124     zip.obj
 0005:00000125       __6AECDA3E_ctype@h         10036125     zip.obj
 0005:00000126       __201B1099_basetsd@h       10036126     zip.obj
 0005:00000127       __9DA2B69E_winnt@h         10036127     zip.obj
 0005:00000128       __8ABF54F4_processthreadsapi@h 10036128     zip.obj
 0005:00000129       __369DBA4C_memoryapi@h     10036129     zip.obj
 0005:0000012a       __A8C6672F_winerror@h      1003612a     zip.obj
 0005:0000012b       __6BD3506C_winbase@h       1003612b     zip.obj
 0005:0000012c       __62733496_winioctl@h      1003612c     zip.obj
 0005:0000012d       __DD9DD587_stralign@h      1003612d     zip.obj
 0005:0000012e       __52C38DB5_crypt@h         1003612e     zip.obj
 0005:0000012f       __FC6C69FE_zip@c           1003612f     zip.obj
 0005:00000133       __6AECDA3E_ctype@h         10036133     zutil.obj
 0005:00000134       __201B1099_basetsd@h       10036134     zutil.obj
 0005:00000135       __184F7456_corecrt_memcpy_s@h 10036135     zutil.obj
 0005:00000136       __5B29309E_corecrt_wstring@h 10036136     zutil.obj
 0005:00000137       __F787F5CD_string@h        10036137     zutil.obj
 0005:00000138       __9DA2B69E_winnt@h         10036138     zutil.obj
 0005:00000139       __8ABF54F4_processthreadsapi@h 10036139     zutil.obj
 0005:0000013a       __369DBA4C_memoryapi@h     1003613a     zutil.obj
 0005:0000013b       __A8C6672F_winerror@h      1003613b     zutil.obj
 0005:0000013c       __6BD3506C_winbase@h       1003613c     zutil.obj
 0005:0000013d       __62733496_winioctl@h      1003613d     zutil.obj
 0005:0000013e       __DD9DD587_stralign@h      1003613e     zutil.obj
 0005:0000013f       __C44F8F6B_corecrt_stdio_config@h 1003613f     zutil.obj
 0005:00000140       __A7F89B2B_corecrt_wstdio@h 10036140     zutil.obj
 0005:00000141       __B5C48800_stdio@h         10036141     zutil.obj
 0005:00000142       __7D134EE9_zutil@c         10036142     zutil.obj
 0007:00000170       $R000000                   10038170     zlib.res
